Archive member included to satisfy reference by file (symbol)

C:/devkitPro/libnx/lib\libnx.a(switch_crt0.o)
                              (_start)
C:/devkitPro/libnx/lib\libnx.a(dynamic.o)
                              C:/devkitPro/libnx/lib\libnx.a(switch_crt0.o) (__nx_dynamic)
C:/devkitPro/libnx/lib\libnx.a(init.o)
                              C:/devkitPro/libnx/lib\libnx.a(switch_crt0.o) (__libnx_init)
C:/devkitPro/libnx/lib\libnx.a(env.o)
                              C:/devkitPro/libnx/lib\libnx.a(init.o) (envSetup)
C:/devkitPro/libnx/lib\libnx.a(newlib.o)
                              C:/devkitPro/libnx/lib\libnx.a(init.o) (__libnx_init_time)
C:/devkitPro/libnx/lib\libnx.a(diag.o)
                              C:/devkitPro/libnx/lib\libnx.a(dynamic.o) (diagAbortWithResult)
C:/devkitPro/libnx/lib\libnx.a(argv.o)
                              C:/devkitPro/libnx/lib\libnx.a(init.o) (argvSetup)
C:/devkitPro/libnx/lib\libnx.a(fs_dev.o)
                              C:/devkitPro/libnx/lib\libnx.a(init.o) (fsdevMountSdmc)
C:/devkitPro/libnx/lib\libnx.a(decode_utf8.o)
                              C:/devkitPro/libnx/lib\libnx.a(fs_dev.o) (decode_utf8)
C:/devkitPro/libnx/lib\libnx.a(svc.o)
                              C:/devkitPro/libnx/lib\libnx.a(init.o) (svcSetHeapSize)
C:/devkitPro/libnx/lib\libnx.a(exception.o)
                              C:/devkitPro/libnx/lib\libnx.a(switch_crt0.o) (__libnx_exception_entry)
C:/devkitPro/libnx/lib\libnx.a(readtp.o)
                              C:/devkitPro/libnx/lib\libnx.a(fs_dev.o) (__aarch64_read_tp)
C:/devkitPro/libnx/lib\libnx.a(mutex.o)
                              C:/devkitPro/libnx/lib\libnx.a(newlib.o) (mutexLock)
C:/devkitPro/libnx/lib\libnx.a(virtmem.o)
                              C:/devkitPro/libnx/lib\libnx.a(init.o) (virtmemSetup)
C:/devkitPro/libnx/lib\libnx.a(condvar.o)
                              C:/devkitPro/libnx/lib\libnx.a(newlib.o) (condvarWaitTimeout)
C:/devkitPro/libnx/lib\libnx.a(random.o)
                              C:/devkitPro/libnx/lib\libnx.a(virtmem.o) (randomGet64)
C:/devkitPro/libnx/lib\libnx.a(thread.o)
                              C:/devkitPro/libnx/lib\libnx.a(init.o) (__libnx_init_thread)
C:/devkitPro/libnx/lib\libnx.a(set.o)
                              C:/devkitPro/libnx/lib\libnx.a(init.o) (setsysInitialize)
C:/devkitPro/libnx/lib\libnx.a(fs.o)
                              C:/devkitPro/libnx/lib\libnx.a(init.o) (fsInitialize)
C:/devkitPro/libnx/lib\libnx.a(sm.o)
                              C:/devkitPro/libnx/lib\libnx.a(env.o) (smAddOverrideHandle)
C:/devkitPro/libnx/lib\libnx.a(applet.o)
                              C:/devkitPro/libnx/lib\libnx.a(init.o) (__nx_applet_type)
C:/devkitPro/libnx/lib\libnx.a(time.o)
                              C:/devkitPro/libnx/lib\libnx.a(init.o) (timeInitialize)
C:/devkitPro/libnx/lib\libnx.a(hid.o)
                              C:/devkitPro/libnx/lib\libnx.a(init.o) (hidInitialize)
C:/devkitPro/libnx/lib\libnx.a(hosversion.o)
                              C:/devkitPro/libnx/lib\libnx.a(init.o) (hosversionGet)
C:/devkitPro/libnx/lib\libnx.a(nxlink.o)
                              C:/devkitPro/libnx/lib\libnx.a(argv.o) (nxlinkSetup)
C:/devkitPro/libnx/lib\libnx.a(alloc.o)
                              C:/devkitPro/libnx/lib\libnx.a(newlib.o) (__libnx_alloc)
C:/devkitPro/libnx/lib\libnx.a(path_buf.o)
                              C:/devkitPro/libnx/lib\libnx.a(fs_dev.o) (__nx_dev_path_buf)
C:/devkitPro/libnx/lib\libnx.a(shmem.o)
                              C:/devkitPro/libnx/lib\libnx.a(time.o) (shmemLoadRemote)
C:/devkitPro/libnx/lib\libnx.a(wait.o)
                              C:/devkitPro/libnx/lib\libnx.a(applet.o) (waitObjects)
C:/devkitPro/libnx/lib\libnx.a(tmem.o)
                              C:/devkitPro/libnx/lib\libnx.a(applet.o) (tmemCreate)
C:/devkitPro/libnx/lib\libnx.a(event.o)
                              C:/devkitPro/libnx/lib\libnx.a(set.o) (eventLoadRemote)
C:/devkitPro/libnx/lib\libnx.a(sessionmgr.o)
                              C:/devkitPro/libnx/lib\libnx.a(fs.o) (sessionmgrCreate)
C:/devkitPro/libnx/lib\libnx.a(apm.o)
                              C:/devkitPro/libnx/lib\libnx.a(applet.o) (apmInitialize)
c:/devkitpro/devkita64/bin/../lib/gcc/aarch64-none-elf/12.2.0/../../../../aarch64-none-elf/lib/pic\libg.a(lib_a-aligned_alloc.o)
                              C:/devkitPro/libnx/lib\libnx.a(alloc.o) (aligned_alloc)
c:/devkitpro/devkita64/bin/../lib/gcc/aarch64-none-elf/12.2.0/../../../../aarch64-none-elf/lib/pic\libg.a(lib_a-bsearch.o)
                              C:/devkitPro/libnx/lib\libnx.a(fs_dev.o) (bsearch)
c:/devkitpro/devkita64/bin/../lib/gcc/aarch64-none-elf/12.2.0/../../../../aarch64-none-elf/lib/pic\libg.a(lib_a-ctype_.o)
                              C:/devkitPro/libnx/lib\libnx.a(argv.o) (_ctype_)
c:/devkitpro/devkita64/bin/../lib/gcc/aarch64-none-elf/12.2.0/../../../../aarch64-none-elf/lib/pic\libg.a(lib_a-errno.o)
[...]
Memory Configuration

Name             Origin             Length             Attributes
*default*        0x0000000000000000 0xffffffffffffffff

Linker script and memory map

                0x0000000000000000                PROVIDE (__start__ = 0x0)
                0x0000000000000000                . = __start__
                0x0000000000000000                __code_start = .

.text           0x0000000000000000     0xd7b0
 *(.crt0)
 .crt0          0x0000000000000000      0x140 C:/devkitPro/libnx/lib\libnx.a(switch_crt0.o)
                0x0000000000000000                _start
                0x0000000000000108                __nx_exit
                0x0000000000000118                __nx_mod0
 *(.text.unlikely .text.*_unlikely .text.unlikely.*)
 *(.text.exit .text.exit.*)
 .text.exit     0x0000000000000140       0x38 c:/devkitpro/devkita64/bin/../lib/gcc/aarch64-none-elf/12.2.0/../../../../aarch64-none-elf/lib/pic\libg.a(lib_a-exit.o)
                0x0000000000000140                exit
 *(.text.startup .text.startup.*)
 *(.text.hot .text.hot.*)
 *(.text .stub .text.* .gnu.linkonce.t.*)
 *fill*         0x0000000000000178        0x8 
 .text.__do_global_dtors_aux
                0x0000000000000180       0x44 c:/devkitpro/devkita64/bin/../lib/gcc/aarch64-none-elf/12.2.0/pic/crtbegin.o
 *fill*         0x00000000000001c4        0xc 
 .text.frame_dummy
                0x00000000000001d0       0x24 c:/devkitpro/devkita64/bin/../lib/gcc/aarch64-none-elf/12.2.0/pic/crtbegin.o
 *fill*         0x00000000000001f4        0xc 
 .text.__nx_dynamic
                0x0000000000000200       0xa0 C:/devkitPro/libnx/lib\libnx.a(dynamic.o)
                0x0000000000000200                __nx_dynamic
 .text.__libnx_initheap
                0x00000000000002a0       0xd8 C:/devkitPro/libnx/lib\libnx.a(init.o)
                0x00000000000002a0                __libnx_initheap
 *fill*         0x0000000000000378        0x8 
 .text.__appInit
                0x0000000000000380       0xec C:/devkitPro/libnx/lib\libnx.a(init.o)
                0x0000000000000380                __appInit
 *fill*         0x000000000000046c        0x4 
 .text.__appExit
                0x0000000000000470       0x44 C:/devkitPro/libnx/lib\libnx.a(init.o)
                0x0000000000000470                __appExit
 *fill*         0x00000000000004b4        0xc 
 .text.__libnx_init
                0x00000000000004c0       0x2c C:/devkitPro/libnx/lib\libnx.a(init.o)
                0x00000000000004c0                __libnx_init
 *fill*         0x00000000000004ec        0x4 
 .text.__libnx_exit
                0x00000000000004f0       0x20 C:/devkitPro/libnx/lib\libnx.a(init.o)
                0x00000000000004f0                __libnx_exit
 .text.envSetup
                0x0000000000000510      0x208 C:/devkitPro/libnx/lib\libnx.a(env.o)
                0x0000000000000510                envSetup
 *fill*         0x0000000000000718        0x8 
 .text.envGetMainThreadHandle
                0x0000000000000720       0x20 C:/devkitPro/libnx/lib\libnx.a(env.o)
                0x0000000000000720                envGetMainThreadHandle
 .text.envIsNso
                0x0000000000000740        0xc C:/devkitPro/libnx/lib\libnx.a(env.o)
                0x0000000000000740                envIsNso
 *fill*         0x000000000000074c        0x4 
 .text.envHasHeapOverride
                0x0000000000000750       0x14 C:/devkitPro/libnx/lib\libnx.a(env.o)
                0x0000000000000750                envHasHeapOverride
 *fill*         0x0000000000000764        0xc 
 .text.envGetHeapOverrideAddr
                0x0000000000000770        0xc C:/devkitPro/libnx/lib\libnx.a(env.o)
                0x0000000000000770                envGetHeapOverrideAddr
 *fill*         0x000000000000077c        0x4 
 .text.envGetHeapOverrideSize
                0x0000000000000780        0xc C:/devkitPro/libnx/lib\libnx.a(env.o)
                0x0000000000000780                envGetHeapOverrideSize
 *fill*         0x000000000000078c        0x4 
 .text.envHasArgv
                0x0000000000000790       0x14 C:/devkitPro/libnx/lib\libnx.a(env.o)
                0x0000000000000790                envHasArgv
 *fill*         0x00000000000007a4        0xc 
 .text.envGetArgv
                0x00000000000007b0        0xc C:/devkitPro/libnx/lib\libnx.a(env.o)
                0x00000000000007b0                envGetArgv
 *fill*         0x00000000000007bc        0x4 
 .text.envGetExitFuncPtr
                0x00000000000007c0        0xc C:/devkitPro/libnx/lib\libnx.a(env.o)
                0x00000000000007c0                envGetExitFuncPtr
 *fill*         0x00000000000007cc        0x4 
 .text.envSetExitFuncPtr
                0x00000000000007d0        0xc C:/devkitPro/libnx/lib\libnx.a(env.o)
                0x00000000000007d0                envSetExitFuncPtr
 *fill*         0x00000000000007dc        0x4 
 .text.envHasRandomSeed
                0x00000000000007e0        0xc C:/devkitPro/libnx/lib\libnx.a(env.o)
                0x00000000000007e0                envHasRandomSeed
 *fill*         0x00000000000007ec        0x4 
 .text.envGetRandomSeed
                0x00000000000007f0       0x10 C:/devkitPro/libnx/lib\libnx.a(env.o)
                0x00000000000007f0                envGetRandomSeed
 .text.__syscall_exit
                0x0000000000000800       0x1c C:/devkitPro/libnx/lib\libnx.a(newlib.o)
                0x0000000000000800                __syscall_exit
 *fill*         0x000000000000081c        0x4 
 .text.__syscall_getreent
                0x0000000000000820       0x34 C:/devkitPro/libnx/lib\libnx.a(newlib.o)
                0x0000000000000820                __syscall_getreent
 *fill*         0x0000000000000854        0xc 
 .text.__syscall_lock_acquire_recursive
                0x0000000000000860        0x4 C:/devkitPro/libnx/lib\libnx.a(newlib.o)
                0x0000000000000860                __syscall_lock_acquire_recursive
 *fill*         0x0000000000000864        0xc 
 .text.__syscall_lock_release_recursive
                0x0000000000000870        0x4 C:/devkitPro/libnx/lib\libnx.a(newlib.o)
                0x0000000000000870                __syscall_lock_release_recursive
 *fill*         0x0000000000000874        0xc 
 .text.__libnx_init_time
                0x0000000000000880      0x228 C:/devkitPro/libnx/lib\libnx.a(newlib.o)
                0x0000000000000880                __libnx_init_time
 *fill*         0x0000000000000aa8        0x8 
 .text.newlibSetup
                0x0000000000000ab0       0x84 C:/devkitPro/libnx/lib\libnx.a(newlib.o)
                0x0000000000000ab0                newlibSetup
 *fill*         0x0000000000000b34        0xc 
 .text.diagAbortWithResult
                0x0000000000000b40       0x1c C:/devkitPro/libnx/lib\libnx.a(diag.o)
                0x0000000000000b40                diagAbortWithResult
 *fill*         0x0000000000000b5c        0x4 
 .text.argvSetup
                0x0000000000000b60      0x308 C:/devkitPro/libnx/lib\libnx.a(argv.o)
                0x0000000000000b60                argvSetup
 *fill*         0x0000000000000e68        0x8 
 .text.fsdev_link
                0x0000000000000e70       0x14 C:/devkitPro/libnx/lib\libnx.a(fs_dev.o)
 *fill*         0x0000000000000e84        0xc 
 .text.fsdev_dirreset
                0x0000000000000e90       0x14 C:/devkitPro/libnx/lib\libnx.a(fs_dev.o)
 *fill*         0x0000000000000ea4        0xc 
 .text.fsdev_chmod
                0x0000000000000eb0       0x14 C:/devkitPro/libnx/lib\libnx.a(fs_dev.o)
 *fill*         0x0000000000000ec4        0xc 
 .text.error_cmp
                0x0000000000000ed0       0x18 C:/devkitPro/libnx/lib\libnx.a(fs_dev.o)
 *fill*         0x0000000000000ee8        0x8 
 .text.fsdev_dirclose
                0x0000000000000ef0       0x20 C:/devkitPro/libnx/lib\libnx.a(fs_dev.o)
 .text.fsdev_close
                0x0000000000000f10       0x1c C:/devkitPro/libnx/lib\libnx.a(fs_dev.o)
 *fill*         0x0000000000000f2c        0x4 
 .text.fsdev_converttimetoutc
                0x0000000000000f30       0x80 C:/devkitPro/libnx/lib\libnx.a(fs_dev.o)
 .text.fsdevFindDevice.part.0
                0x0000000000000fb0       0xc8 C:/devkitPro/libnx/lib\libnx.a(fs_dev.o)
 *fill*         0x0000000000001078        0x8 
 .text.fsdev_fixpath
                0x0000000000001080      0x1ac C:/devkitPro/libnx/lib\libnx.a(fs_dev.o)
 *fill*         0x000000000000122c        0x4 
 .text._fsdevUnmountDeviceStruct.part.0
                0x0000000000001230       0xa0 C:/devkitPro/libnx/lib\libnx.a(fs_dev.o)
 .text.fsdev_fchmod
                0x00000000000012d0       0x14 C:/devkitPro/libnx/lib\libnx.a(fs_dev.o)
 *fill*         0x00000000000012e4        0xc 
 .text.fsdev_diropen
                0x00000000000012f0      0x108 C:/devkitPro/libnx/lib\libnx.a(fs_dev.o)
 *fill*         0x00000000000013f8        0x8 
 .text.fsdev_statvfs
                0x0000000000001400       0xfc C:/devkitPro/libnx/lib\libnx.a(fs_dev.o)
 *fill*         0x00000000000014fc        0x4 
 .text.fsdev_fsync
                0x0000000000001500       0x7c C:/devkitPro/libnx/lib\libnx.a(fs_dev.o)
 *fill*         0x000000000000157c        0x4 
 .text.fsdev_fstat
                0x0000000000001580       0xf4 C:/devkitPro/libnx/lib\libnx.a(fs_dev.o)
 *fill*         0x0000000000001674        0xc 
 .text.fsdev_ftruncate
                0x0000000000001680       0x8c C:/devkitPro/libnx/lib\libnx.a(fs_dev.o)
 *fill*         0x000000000000170c        0x4 
 .text.fsdev_stat
                0x0000000000001710      0x1fc C:/devkitPro/libnx/lib\libnx.a(fs_dev.o)
 *fill*         0x000000000000190c        0x4 
 .text.fsdev_rename
                0x0000000000001910      0x14c C:/devkitPro/libnx/lib\libnx.a(fs_dev.o)
 *fill*         0x0000000000001a5c        0x4 
 .text.fsdev_chdir
                0x0000000000001a60      0x140 C:/devkitPro/libnx/lib\libnx.a(fs_dev.o)
 .text.fsdev_mkdir
                0x0000000000001ba0       0xa4 C:/devkitPro/libnx/lib\libnx.a(fs_dev.o)
 *fill*         0x0000000000001c44        0xc 
 .text.fsdev_unlink
                0x0000000000001c50       0xa4 C:/devkitPro/libnx/lib\libnx.a(fs_dev.o)
 *fill*         0x0000000000001cf4        0xc 
 .text.fsdev_rmdir
                0x0000000000001d00       0xa4 C:/devkitPro/libnx/lib\libnx.a(fs_dev.o)
 *fill*         0x0000000000001da4        0xc 
 .text.fsdev_write_safe
                0x0000000000001db0      0x13c C:/devkitPro/libnx/lib\libnx.a(fs_dev.o)
 *fill*         0x0000000000001eec        0x4 
 .text.fsdev_read_safe
                0x0000000000001ef0      0x13c C:/devkitPro/libnx/lib\libnx.a(fs_dev.o)
 *fill*         0x000000000000202c        0x4 
 .text.fsdev_read
                0x0000000000002030      0x104 C:/devkitPro/libnx/lib\libnx.a(fs_dev.o)
 *fill*         0x0000000000002134        0xc 
 .text.fsdev_dirnext
                0x0000000000002140      0x1a0 C:/devkitPro/libnx/lib\libnx.a(fs_dev.o)
 .text.fsdev_write
                0x00000000000022e0      0x11c C:/devkitPro/libnx/lib\libnx.a(fs_dev.o)
 *fill*         0x00000000000023fc        0x4 
 .text.fsdev_seek
                0x0000000000002400       0xf0 C:/devkitPro/libnx/lib\libnx.a(fs_dev.o)
 .text.fsdev_open
                0x00000000000024f0      0x23c C:/devkitPro/libnx/lib\libnx.a(fs_dev.o)
 *fill*         0x000000000000272c        0x4 
 .text.fsdevMountDevice
                0x0000000000002730      0x214 C:/devkitPro/libnx/lib\libnx.a(fs_dev.o)
                0x0000000000002730                fsdevMountDevice
 *fill*         0x0000000000002944        0xc 
 .text.fsdevMountSdmc
                0x0000000000002950       0x40 C:/devkitPro/libnx/lib\libnx.a(fs_dev.o)
                0x0000000000002950                fsdevMountSdmc
 .text.__libnx_init_cwd
                0x0000000000002990       0xc0 C:/devkitPro/libnx/lib\libnx.a(fs_dev.o)
                0x0000000000002990                __libnx_init_cwd
 .text.fsdevUnmountAll
                0x0000000000002a50       0x64 C:/devkitPro/libnx/lib\libnx.a(fs_dev.o)
                0x0000000000002a50                fsdevUnmountAll
 *fill*         0x0000000000002ab4        0xc 
 .text.decode_utf8
                0x0000000000002ac0      0x12c C:/devkitPro/libnx/lib\libnx.a(decode_utf8.o)
                0x0000000000002ac0                decode_utf8
 .text.svcSetHeapSize
                0x0000000000002bec       0x14 C:/devkitPro/libnx/lib\libnx.a(svc.o)
                0x0000000000002bec                svcSetHeapSize
 .text.svcUnmapMemory
                0x0000000000002c00        0x8 C:/devkitPro/libnx/lib\libnx.a(svc.o)
                0x0000000000002c00                svcUnmapMemory
 .text.svcQueryMemory
                0x0000000000002c08       0x14 C:/devkitPro/libnx/lib\libnx.a(svc.o)
                0x0000000000002c08                svcQueryMemory
 .text.svcExitProcess
                0x0000000000002c1c        0x8 C:/devkitPro/libnx/lib\libnx.a(svc.o)
                0x0000000000002c1c                svcExitProcess
 .text.svcSleepThread
                0x0000000000002c24        0x8 C:/devkitPro/libnx/lib\libnx.a(svc.o)
                0x0000000000002c24                svcSleepThread
 .text.svcMapSharedMemory
                0x0000000000002c2c        0x8 C:/devkitPro/libnx/lib\libnx.a(svc.o)
                0x0000000000002c2c                svcMapSharedMemory
 .text.svcUnmapSharedMemory
                0x0000000000002c34        0x8 C:/devkitPro/libnx/lib\libnx.a(svc.o)
                0x0000000000002c34                svcUnmapSharedMemory
 .text.svcCloseHandle
                0x0000000000002c3c        0x8 C:/devkitPro/libnx/lib\libnx.a(svc.o)
                0x0000000000002c3c                svcCloseHandle
 .text.svcResetSignal
                0x0000000000002c44        0x8 C:/devkitPro/libnx/lib\libnx.a(svc.o)
                0x0000000000002c44                svcResetSignal
 .text.svcWaitSynchronization
                0x0000000000002c4c       0x14 C:/devkitPro/libnx/lib\libnx.a(svc.o)
                0x0000000000002c4c                svcWaitSynchronization
 .text.svcArbitrateLock
                0x0000000000002c60        0x8 C:/devkitPro/libnx/lib\libnx.a(svc.o)
                0x0000000000002c60                svcArbitrateLock
 .text.svcArbitrateUnlock
                0x0000000000002c68        0x8 C:/devkitPro/libnx/lib\libnx.a(svc.o)
                0x0000000000002c68                svcArbitrateUnlock
 .text.svcWaitProcessWideKeyAtomic
                0x0000000000002c70        0x8 C:/devkitPro/libnx/lib\libnx.a(svc.o)
                0x0000000000002c70                svcWaitProcessWideKeyAtomic
 .text.svcSignalProcessWideKey
                0x0000000000002c78        0x8 C:/devkitPro/libnx/lib\libnx.a(svc.o)
                0x0000000000002c78                svcSignalProcessWideKey
 .text.svcConnectToNamedPort
                0x0000000000002c80       0x14 C:/devkitPro/libnx/lib\libnx.a(svc.o)
                0x0000000000002c80                svcConnectToNamedPort
 .text.svcSendSyncRequest
                0x0000000000002c94        0x8 C:/devkitPro/libnx/lib\libnx.a(svc.o)
                0x0000000000002c94                svcSendSyncRequest
 .text.svcBreak
                0x0000000000002c9c        0x8 C:/devkitPro/libnx/lib\libnx.a(svc.o)
                0x0000000000002c9c                svcBreak
 .text.svcReturnFromException
                0x0000000000002ca4        0x8 C:/devkitPro/libnx/lib\libnx.a(svc.o)
                0x0000000000002ca4                svcReturnFromException
 .text.svcGetInfo
                0x0000000000002cac       0x14 C:/devkitPro/libnx/lib\libnx.a(svc.o)
                0x0000000000002cac                svcGetInfo
 .text.svcUnmapTransferMemory
                0x0000000000002cc0        0x8 C:/devkitPro/libnx/lib\libnx.a(svc.o)
                0x0000000000002cc0                svcUnmapTransferMemory
 .text.__libnx_exception_entry
                0x0000000000002cc8      0x1c0 C:/devkitPro/libnx/lib\libnx.a(exception.o)
                0x0000000000002cc8                __libnx_exception_entry
 .text.__libnx_exception_returnentry
                0x0000000000002e88       0x18 C:/devkitPro/libnx/lib\libnx.a(exception.o)
                0x0000000000002e88                __libnx_exception_returnentry
 .text.__aarch64_read_tp
                0x0000000000002ea0        0xc C:/devkitPro/libnx/lib\libnx.a(readtp.o)
                0x0000000000002ea0                __aarch64_read_tp
 *fill*         0x0000000000002eac        0x4 
 .text.mutexLock
                0x0000000000002eb0       0x80 C:/devkitPro/libnx/lib\libnx.a(mutex.o)
                0x0000000000002eb0                mutexLock
 .text.mutexUnlock
                0x0000000000002f30       0x68 C:/devkitPro/libnx/lib\libnx.a(mutex.o)
                0x0000000000002f30                mutexUnlock
 *fill*         0x0000000000002f98        0x8 
 .text.mutexIsLockedByCurrentThread
                0x0000000000002fa0       0x1c C:/devkitPro/libnx/lib\libnx.a(mutex.o)
                0x0000000000002fa0                mutexIsLockedByCurrentThread
 *fill*         0x0000000000002fbc        0x4 
 .text.rmutexLock
                0x0000000000002fc0       0x4c C:/devkitPro/libnx/lib\libnx.a(mutex.o)
                0x0000000000002fc0                rmutexLock
 *fill*         0x000000000000300c        0x4 
 .text.rmutexUnlock
                0x0000000000003010       0x1c C:/devkitPro/libnx/lib\libnx.a(mutex.o)
                0x0000000000003010                rmutexUnlock
 *fill*         0x000000000000302c        0x4 
 .text._memregionInitWithInfo
                0x0000000000003030       0x64 C:/devkitPro/libnx/lib\libnx.a(virtmem.o)
 *fill*         0x0000000000003094        0xc 
 .text.__libnx_virtmem_rng
                0x00000000000030a0        0x4 C:/devkitPro/libnx/lib\libnx.a(virtmem.o)
                0x00000000000030a0                __libnx_virtmem_rng
 *fill*         0x00000000000030a4        0xc 
 .text._memregionFindRandom
                0x00000000000030b0      0x16c C:/devkitPro/libnx/lib\libnx.a(virtmem.o)
 *fill*         0x000000000000321c        0x4 
 .text.virtmemSetup
                0x0000000000003220      0x120 C:/devkitPro/libnx/lib\libnx.a(virtmem.o)
                0x0000000000003220                virtmemSetup
 .text.virtmemLock
                0x0000000000003340        0xc C:/devkitPro/libnx/lib\libnx.a(virtmem.o)
                0x0000000000003340                virtmemLock
 *fill*         0x000000000000334c        0x4 
 .text.virtmemUnlock
                0x0000000000003350        0xc C:/devkitPro/libnx/lib\libnx.a(virtmem.o)
                0x0000000000003350                virtmemUnlock
 *fill*         0x000000000000335c        0x4 
 .text.virtmemFindAslr
                0x0000000000003360       0x54 C:/devkitPro/libnx/lib\libnx.a(virtmem.o)
                0x0000000000003360                virtmemFindAslr
 *fill*         0x00000000000033b4        0xc 
 .text.condvarWaitTimeout
                0x00000000000033c0       0x64 C:/devkitPro/libnx/lib\libnx.a(condvar.o)
                0x00000000000033c0                condvarWaitTimeout
 *fill*         0x0000000000003424        0xc 
 .text.randomGet
                0x0000000000003430      0x3dc C:/devkitPro/libnx/lib\libnx.a(random.o)
                0x0000000000003430                randomGet
 *fill*         0x000000000000380c        0x4 
 .text.randomGet64
                0x0000000000003810       0x20 C:/devkitPro/libnx/lib\libnx.a(random.o)
                0x0000000000003810                randomGet64
 .text.__libnx_init_thread
                0x0000000000003830       0xb0 C:/devkitPro/libnx/lib\libnx.a(thread.o)
                0x0000000000003830                __libnx_init_thread
 .text._setsysGetFirmwareVersionImpl
                0x00000000000038e0       0xd4 C:/devkitPro/libnx/lib\libnx.a(set.o)
 *fill*         0x00000000000039b4        0xc 
 .text._setsysCleanup
                0x00000000000039c0       0x68 C:/devkitPro/libnx/lib\libnx.a(set.o)
 *fill*         0x0000000000003a28        0x8 
 .text.setsysInitialize
                0x0000000000003a30       0xa0 C:/devkitPro/libnx/lib\libnx.a(set.o)
                0x0000000000003a30                setsysInitialize
 .text.setsysExit
                0x0000000000003ad0       0x44 C:/devkitPro/libnx/lib\libnx.a(set.o)
                0x0000000000003ad0                setsysExit
 *fill*         0x0000000000003b14        0xc 
 .text.setsysGetFirmwareVersion
                0x0000000000003b20       0x44 C:/devkitPro/libnx/lib\libnx.a(set.o)
                0x0000000000003b20                setsysGetFirmwareVersion
 *fill*         0x0000000000003b64        0xc 
 .text._fsCleanup
                0x0000000000003b70       0xb4 C:/devkitPro/libnx/lib\libnx.a(fs.o)
 *fill*         0x0000000000003c24        0xc 
 .text._fsCmdNoIO
                0x0000000000003c30      0x1b0 C:/devkitPro/libnx/lib\libnx.a(fs.o)
 .text._fsFsCmdWithInPath
                0x0000000000003de0      0x1d0 C:/devkitPro/libnx/lib\libnx.a(fs.o)
 .text._fsFsCmdWithTwoInPaths
                0x0000000000003fb0      0x1f8 C:/devkitPro/libnx/lib\libnx.a(fs.o)
 *fill*         0x00000000000041a8        0x8 
 .text._fsFsOpenCommon
                0x00000000000041b0      0x23c C:/devkitPro/libnx/lib\libnx.a(fs.o)
 *fill*         0x00000000000043ec        0x4 
 .text._fsFsCmdWithInPathAndOutU64
                0x00000000000043f0      0x1ec C:/devkitPro/libnx/lib\libnx.a(fs.o)
 *fill*         0x00000000000045dc        0x4 
 .text._fsObjectClose
                0x00000000000045e0       0xf4 C:/devkitPro/libnx/lib\libnx.a(fs.o)
 *fill*         0x00000000000046d4        0xc 
 .text._fsCmdGetSession.constprop.0
                0x00000000000046e0      0x17c C:/devkitPro/libnx/lib\libnx.a(fs.o)
 *fill*         0x000000000000485c        0x4 
 .text.fsInitialize
                0x0000000000004860      0x304 C:/devkitPro/libnx/lib\libnx.a(fs.o)
                0x0000000000004860                fsInitialize
 *fill*         0x0000000000004b64        0xc 
 .text.fsExit   0x0000000000004b70       0x44 C:/devkitPro/libnx/lib\libnx.a(fs.o)
                0x0000000000004b70                fsExit
 *fill*         0x0000000000004bb4        0xc 
 .text.fsOpenSdCardFileSystem
                0x0000000000004bc0        0x8 C:/devkitPro/libnx/lib\libnx.a(fs.o)
                0x0000000000004bc0                fsOpenSdCardFileSystem
 *fill*         0x0000000000004bc8        0x8 
 .text.fsFsCreateFile
                0x0000000000004bd0      0x1e0 C:/devkitPro/libnx/lib\libnx.a(fs.o)
                0x0000000000004bd0                fsFsCreateFile
 .text.fsFsDeleteFile
                0x0000000000004db0        0x8 C:/devkitPro/libnx/lib\libnx.a(fs.o)
                0x0000000000004db0                fsFsDeleteFile
 *fill*         0x0000000000004db8        0x8 
 .text.fsFsCreateDirectory
                0x0000000000004dc0        0x8 C:/devkitPro/libnx/lib\libnx.a(fs.o)
                0x0000000000004dc0                fsFsCreateDirectory
 *fill*         0x0000000000004dc8        0x8 
 .text.fsFsDeleteDirectory
                0x0000000000004dd0        0x8 C:/devkitPro/libnx/lib\libnx.a(fs.o)
                0x0000000000004dd0                fsFsDeleteDirectory
 *fill*         0x0000000000004dd8        0x8 
 .text.fsFsRenameFile
                0x0000000000004de0        0x8 C:/devkitPro/libnx/lib\libnx.a(fs.o)
                0x0000000000004de0                fsFsRenameFile
 *fill*         0x0000000000004de8        0x8 
 .text.fsFsRenameDirectory
                0x0000000000004df0        0x8 C:/devkitPro/libnx/lib\libnx.a(fs.o)
                0x0000000000004df0                fsFsRenameDirectory
 *fill*         0x0000000000004df8        0x8 
 .text.fsFsGetEntryType
                0x0000000000004e00      0x1e8 C:/devkitPro/libnx/lib\libnx.a(fs.o)
                0x0000000000004e00                fsFsGetEntryType
 *fill*         0x0000000000004fe8        0x8 
 .text.fsFsOpenFile
                0x0000000000004ff0        0x8 C:/devkitPro/libnx/lib\libnx.a(fs.o)
                0x0000000000004ff0                fsFsOpenFile
 *fill*         0x0000000000004ff8        0x8 
 .text.fsFsOpenDirectory
                0x0000000000005000        0x8 C:/devkitPro/libnx/lib\libnx.a(fs.o)
                0x0000000000005000                fsFsOpenDirectory
 *fill*         0x0000000000005008        0x8 
 .text.fsFsGetFreeSpace
                0x0000000000005010        0x8 C:/devkitPro/libnx/lib\libnx.a(fs.o)
                0x0000000000005010                fsFsGetFreeSpace
 *fill*         0x0000000000005018        0x8 
 .text.fsFsGetTotalSpace
                0x0000000000005020        0x8 C:/devkitPro/libnx/lib\libnx.a(fs.o)
                0x0000000000005020                fsFsGetTotalSpace
 *fill*         0x0000000000005028        0x8 
 .text.fsFsGetFileTimeStampRaw
                0x0000000000005030      0x230 C:/devkitPro/libnx/lib\libnx.a(fs.o)
                0x0000000000005030                fsFsGetFileTimeStampRaw
 .text.fsFsClose
                0x0000000000005260        0x4 C:/devkitPro/libnx/lib\libnx.a(fs.o)
                0x0000000000005260                fsFsClose
 *fill*         0x0000000000005264        0xc 
 .text.fsFileRead
                0x0000000000005270      0x20c C:/devkitPro/libnx/lib\libnx.a(fs.o)
                0x0000000000005270                fsFileRead
 *fill*         0x000000000000547c        0x4 
 .text.fsFileWrite
                0x0000000000005480      0x1fc C:/devkitPro/libnx/lib\libnx.a(fs.o)
                0x0000000000005480                fsFileWrite
 *fill*         0x000000000000567c        0x4 
 .text.fsFileFlush
                0x0000000000005680        0x8 C:/devkitPro/libnx/lib\libnx.a(fs.o)
                0x0000000000005680                fsFileFlush
 *fill*         0x0000000000005688        0x8 
 .text.fsFileSetSize
                0x0000000000005690      0x1b4 C:/devkitPro/libnx/lib\libnx.a(fs.o)
                0x0000000000005690                fsFileSetSize
 *fill*         0x0000000000005844        0xc 
 .text.fsFileGetSize
                0x0000000000005850      0x1c4 C:/devkitPro/libnx/lib\libnx.a(fs.o)
                0x0000000000005850                fsFileGetSize
 *fill*         0x0000000000005a14        0xc 
 .text.fsFileClose
                0x0000000000005a20        0x4 C:/devkitPro/libnx/lib\libnx.a(fs.o)
                0x0000000000005a20                fsFileClose
 *fill*         0x0000000000005a24        0xc 
 .text.fsDirClose
                0x0000000000005a30        0x4 C:/devkitPro/libnx/lib\libnx.a(fs.o)
                0x0000000000005a30                fsDirClose
 *fill*         0x0000000000005a34        0xc 
 .text.fsDirRead
                0x0000000000005a40      0x200 C:/devkitPro/libnx/lib\libnx.a(fs.o)
                0x0000000000005a40                fsDirRead
 .text._smCmifCmdInPid
                0x0000000000005c40       0xd0 C:/devkitPro/libnx/lib\libnx.a(sm.o)
 .text._smCleanup
                0x0000000000005d10       0x68 C:/devkitPro/libnx/lib\libnx.a(sm.o)
 *fill*         0x0000000000005d78        0x8 
 .text.smAddOverrideHandle
                0x0000000000005d80       0x48 C:/devkitPro/libnx/lib\libnx.a(sm.o)
                0x0000000000005d80                smAddOverrideHandle
 *fill*         0x0000000000005dc8        0x8 
 .text.smGetServiceOverride
                0x0000000000005dd0       0x54 C:/devkitPro/libnx/lib\libnx.a(sm.o)
                0x0000000000005dd0                smGetServiceOverride
 *fill*         0x0000000000005e24        0xc 
 .text.smInitialize
                0x0000000000005e30      0x1c0 C:/devkitPro/libnx/lib\libnx.a(sm.o)
                0x0000000000005e30                smInitialize
 .text.smExit   0x0000000000005ff0       0x44 C:/devkitPro/libnx/lib\libnx.a(sm.o)
                0x0000000000005ff0                smExit
 *fill*         0x0000000000006034        0xc 
 .text.smGetServiceOriginal
                0x0000000000006040       0xd0 C:/devkitPro/libnx/lib\libnx.a(sm.o)
                0x0000000000006040                smGetServiceOriginal
 .text.smGetServiceWrapper
                0x0000000000006110      0x120 C:/devkitPro/libnx/lib\libnx.a(sm.o)
                0x0000000000006110                smGetServiceWrapper
 .text._appletInfiniteSleepLoop
                0x0000000000006230       0x24 C:/devkitPro/libnx/lib\libnx.a(applet.o)
 *fill*         0x0000000000006254        0xc 
 .text._appletCmdGetSession
                0x0000000000006260      0x108 C:/devkitPro/libnx/lib\libnx.a(applet.o)
 *fill*         0x0000000000006368        0x8 
 .text._appletCmdInU8NoOut
                0x0000000000006370       0xcc C:/devkitPro/libnx/lib\libnx.a(applet.o)
 *fill*         0x000000000000643c        0x4 
 .text._appletGetLaunchReason
                0x0000000000006440      0x104 C:/devkitPro/libnx/lib\libnx.a(applet.o)
 *fill*         0x0000000000006544        0xc 
 .text._appletSetFocusHandlingMode
                0x0000000000006550       0xe4 C:/devkitPro/libnx/lib\libnx.a(applet.o)
 *fill*         0x0000000000006634        0xc 
 .text._appletCmdInU32NoOut
                0x0000000000006640       0xcc C:/devkitPro/libnx/lib\libnx.a(applet.o)
 *fill*         0x000000000000670c        0x4 
 .text._appletGetSessionProxy.constprop.0
                0x0000000000006710      0x138 C:/devkitPro/libnx/lib\libnx.a(applet.o)
 *fill*         0x0000000000006848        0x8 
 .text._appletOpenLibraryAppletProxy.constprop.0
                0x0000000000006850      0x154 C:/devkitPro/libnx/lib\libnx.a(applet.o)
 *fill*         0x00000000000069a4        0xc 
 .text._appletCmdGetHandle.constprop.0.isra.0
                0x00000000000069b0       0xd0 C:/devkitPro/libnx/lib\libnx.a(applet.o)
 .text._appletCmdNoInOutU8.isra.0
                0x0000000000006a80       0xd4 C:/devkitPro/libnx/lib\libnx.a(applet.o)
 *fill*         0x0000000000006b54        0xc 
 .text._appletCmdNoInOutU32.isra.0
                0x0000000000006b60       0xd4 C:/devkitPro/libnx/lib\libnx.a(applet.o)
 *fill*         0x0000000000006c34        0xc 
 .text._appletCmdNoInOutU64.isra.0
                0x0000000000006c40       0xd4 C:/devkitPro/libnx/lib\libnx.a(applet.o)
 *fill*         0x0000000000006d14        0xc 
 .text._appletCmdNoIO.isra.0
                0x0000000000006d20       0xc0 C:/devkitPro/libnx/lib\libnx.a(applet.o)
 .text.appletSetFocusHandlingMode
                0x0000000000006de0      0x110 C:/devkitPro/libnx/lib\libnx.a(applet.o)
                0x0000000000006de0                appletSetFocusHandlingMode
 .text.appletSetCpuBoostMode
                0x0000000000006ef0       0x5c C:/devkitPro/libnx/lib\libnx.a(applet.o)
                0x0000000000006ef0                appletSetCpuBoostMode
 *fill*         0x0000000000006f4c        0x4 
 .text.appletGetAppletResourceUserId
                0x0000000000006f50        0xc C:/devkitPro/libnx/lib\libnx.a(applet.o)
                0x0000000000006f50                appletGetAppletResourceUserId
 *fill*         0x0000000000006f5c        0x4 
 .text._appletGetIndirectLayerConsumerHandle
                0x0000000000006f60       0xf8 C:/devkitPro/libnx/lib\libnx.a(applet.o)
 *fill*         0x0000000000007058        0x8 
 .text._appletHolderCreateState
                0x0000000000007060       0x88 C:/devkitPro/libnx/lib\libnx.a(applet.o)
 *fill*         0x00000000000070e8        0x8 
 .text.appletHolderClose
                0x00000000000070f0       0xac C:/devkitPro/libnx/lib\libnx.a(applet.o)
                0x00000000000070f0                appletHolderClose
 *fill*         0x000000000000719c        0x4 
 .text.appletHolderGetLibraryAppletInfo
                0x00000000000071a0       0x24 C:/devkitPro/libnx/lib\libnx.a(applet.o)
                0x00000000000071a0                appletHolderGetLibraryAppletInfo
 *fill*         0x00000000000071c4        0xc 
 .text.appletNotifyRunning
                0x00000000000071d0       0x90 C:/devkitPro/libnx/lib\libnx.a(applet.o)
                0x00000000000071d0                appletNotifyRunning
 .text.appletSetGamePlayRecordingState
                0x0000000000007260       0x8c C:/devkitPro/libnx/lib\libnx.a(applet.o)
                0x0000000000007260                appletSetGamePlayRecordingState
 *fill*         0x00000000000072ec        0x4 
 .text._appletCleanup
                0x00000000000072f0      0xaa0 C:/devkitPro/libnx/lib\libnx.a(applet.o)
 .text.appletExit
                0x0000000000007d90       0x44 C:/devkitPro/libnx/lib\libnx.a(applet.o)
                0x0000000000007d90                appletExit
 *fill*         0x0000000000007dd4        0xc 
 .text.appletGetLibraryAppletInfo
                0x0000000000007de0       0x40 C:/devkitPro/libnx/lib\libnx.a(applet.o)
                0x0000000000007de0                appletGetLibraryAppletInfo
 .text.appletInitialize
                0x0000000000007e20      0x9d0 C:/devkitPro/libnx/lib\libnx.a(applet.o)
                0x0000000000007e20                appletInitialize
 .text._appletExitProcess
                0x00000000000087f0       0x24 C:/devkitPro/libnx/lib\libnx.a(applet.o)
 *fill*         0x0000000000008814        0xc 
 .text._timeCleanup
                0x0000000000008820      0x228 C:/devkitPro/libnx/lib\libnx.a(time.o)
 *fill*         0x0000000000008a48        0x8 
 .text._timeCmdGetSession.constprop.0
                0x0000000000008a50      0x100 C:/devkitPro/libnx/lib\libnx.a(time.o)
 .text._timeGetSharedMemoryNativeHandle.constprop.0
                0x0000000000008b50       0xcc C:/devkitPro/libnx/lib\libnx.a(time.o)
 *fill*         0x0000000000008c1c        0x4 
 .text._timeCmdNoInOutU64.constprop.0.isra.0
                0x0000000000008c20       0xc4 C:/devkitPro/libnx/lib\libnx.a(time.o)
 *fill*         0x0000000000008ce4        0xc 
 .text._timeReadClockFromSharedMem
                0x0000000000008cf0      0x110 C:/devkitPro/libnx/lib\libnx.a(time.o)
 .text.timeInitialize
                0x0000000000008e00      0x238 C:/devkitPro/libnx/lib\libnx.a(time.o)
                0x0000000000008e00                timeInitialize
 *fill*         0x0000000000009038        0x8 
 .text.timeExit
                0x0000000000009040       0x44 C:/devkitPro/libnx/lib\libnx.a(time.o)
                0x0000000000009040                timeExit
 *fill*         0x0000000000009084        0xc 
 .text.timeGetServiceSession_SystemClock
                0x0000000000009090       0x38 C:/devkitPro/libnx/lib\libnx.a(time.o)
                0x0000000000009090                timeGetServiceSession_SystemClock
 *fill*         0x00000000000090c8        0x8 
 .text.timeGetCurrentTime
                0x00000000000090d0       0x68 C:/devkitPro/libnx/lib\libnx.a(time.o)
                0x00000000000090d0                timeGetCurrentTime
 *fill*         0x0000000000009138        0x8 
 .text.timeToCalendarTimeWithMyRule
                0x0000000000009140      0x110 C:/devkitPro/libnx/lib\libnx.a(time.o)
                0x0000000000009140                timeToCalendarTimeWithMyRule
 .text.timeToPosixTimeWithMyRule
                0x0000000000009250      0x104 C:/devkitPro/libnx/lib\libnx.a(time.o)
                0x0000000000009250                timeToPosixTimeWithMyRule
 *fill*         0x0000000000009354        0xc 
 .text._hidCleanup
                0x0000000000009360      0x108 C:/devkitPro/libnx/lib\libnx.a(hid.o)
 *fill*         0x0000000000009468        0x8 
 .text._hidCreateAppletResource.constprop.0
                0x0000000000009470      0x114 C:/devkitPro/libnx/lib\libnx.a(hid.o)
 *fill*         0x0000000000009584        0xc 
 .text._hidCmdGetHandle.constprop.0
                0x0000000000009590       0xc8 C:/devkitPro/libnx/lib\libnx.a(hid.o)
 *fill*         0x0000000000009658        0x8 
 .text.hidInitialize
                0x0000000000009660       0xdc C:/devkitPro/libnx/lib\libnx.a(hid.o)
                0x0000000000009660                hidInitialize
 *fill*         0x000000000000973c        0x4 
 .text.hidExit  0x0000000000009740       0x44 C:/devkitPro/libnx/lib\libnx.a(hid.o)
                0x0000000000009740                hidExit
 *fill*         0x0000000000009784        0xc 
 .text.hosversionGet
                0x0000000000009790       0x14 C:/devkitPro/libnx/lib\libnx.a(hosversion.o)
                0x0000000000009790                hosversionGet
 *fill*         0x00000000000097a4        0xc 
 .text.hosversionSet
                0x00000000000097b0       0x10 C:/devkitPro/libnx/lib\libnx.a(hosversion.o)
                0x00000000000097b0                hosversionSet
 .text.nxlinkSetup
                0x00000000000097c0       0xc4 C:/devkitPro/libnx/lib\libnx.a(nxlink.o)
                0x00000000000097c0                nxlinkSetup
 *fill*         0x0000000000009884        0xc 
 .text.__libnx_alloc
                0x0000000000009890        0x4 C:/devkitPro/libnx/lib\libnx.a(alloc.o)
                0x0000000000009890                __libnx_alloc
 *fill*         0x0000000000009894        0xc 
 .text.__libnx_free
                0x00000000000098a0        0x4 C:/devkitPro/libnx/lib\libnx.a(alloc.o)
                0x00000000000098a0                __libnx_free
 *fill*         0x00000000000098a4        0xc 
 .text.shmemLoadRemote
                0x00000000000098b0       0x14 C:/devkitPro/libnx/lib\libnx.a(shmem.o)
                0x00000000000098b0                shmemLoadRemote
 *fill*         0x00000000000098c4        0xc 
 .text.shmemMap
                0x00000000000098d0       0x88 C:/devkitPro/libnx/lib\libnx.a(shmem.o)
                0x00000000000098d0                shmemMap
 *fill*         0x0000000000009958        0x8 
 .text.shmemUnmap
                0x0000000000009960       0x34 C:/devkitPro/libnx/lib\libnx.a(shmem.o)
                0x0000000000009960                shmemUnmap
 *fill*         0x0000000000009994        0xc 
 .text.shmemClose
                0x00000000000099a0       0x44 C:/devkitPro/libnx/lib\libnx.a(shmem.o)
                0x00000000000099a0                shmemClose
 *fill*         0x00000000000099e4        0xc 
 .text.waitObjects
                0x00000000000099f0      0x508 C:/devkitPro/libnx/lib\libnx.a(wait.o)
                0x00000000000099f0                waitObjects
 *fill*         0x0000000000009ef8        0x8 
 .text.tmemUnmap
                0x0000000000009f00       0x34 C:/devkitPro/libnx/lib\libnx.a(tmem.o)
                0x0000000000009f00                tmemUnmap
 *fill*         0x0000000000009f34        0xc 
 .text.tmemClose
                0x0000000000009f40       0x68 C:/devkitPro/libnx/lib\libnx.a(tmem.o)
                0x0000000000009f40                tmemClose
 *fill*         0x0000000000009fa8        0x8 
 .text.eventLoadRemote
                0x0000000000009fb0        0xc C:/devkitPro/libnx/lib\libnx.a(event.o)
                0x0000000000009fb0                eventLoadRemote
 *fill*         0x0000000000009fbc        0x4 
 .text.eventWait
                0x0000000000009fc0       0x38 C:/devkitPro/libnx/lib\libnx.a(event.o)
                0x0000000000009fc0                eventWait
 *fill*         0x0000000000009ff8        0x8 
 .text.eventClose
                0x000000000000a000       0x50 C:/devkitPro/libnx/lib\libnx.a(event.o)
                0x000000000000a000                eventClose
 .text.sessionmgrCreate
                0x000000000000a050      0x178 C:/devkitPro/libnx/lib\libnx.a(sessionmgr.o)
                0x000000000000a050                sessionmgrCreate
 *fill*         0x000000000000a1c8        0x8 
 .text.sessionmgrClose
                0x000000000000a1d0       0x84 C:/devkitPro/libnx/lib\libnx.a(sessionmgr.o)
                0x000000000000a1d0                sessionmgrClose
 *fill*         0x000000000000a254        0xc 
 .text.sessionmgrAttachClient
                0x000000000000a260       0xb4 C:/devkitPro/libnx/lib\libnx.a(sessionmgr.o)
                0x000000000000a260                sessionmgrAttachClient
 *fill*         0x000000000000a314        0xc 
 .text.sessionmgrDetachClient
                0x000000000000a320       0x70 C:/devkitPro/libnx/lib\libnx.a(sessionmgr.o)
                0x000000000000a320                sessionmgrDetachClient
 .text._apmCleanup
                0x000000000000a390       0xc0 C:/devkitPro/libnx/lib\libnx.a(apm.o)
 .text._apmCmdGetSession.constprop.0
                0x000000000000a450       0xfc C:/devkitPro/libnx/lib\libnx.a(apm.o)
 *fill*         0x000000000000a54c        0x4 
 .text.apmInitialize
                0x000000000000a550       0xa0 C:/devkitPro/libnx/lib\libnx.a(apm.o)
                0x000000000000a550                apmInitialize
 .text.apmExit  0x000000000000a5f0       0x44 C:/devkitPro/libnx/lib\libnx.a(apm.o)
                0x000000000000a5f0                apmExit
 *fill*         0x000000000000a634        0xc 
 .text.apmSetPerformanceConfiguration
                0x000000000000a640       0xc8 C:/devkitPro/libnx/lib\libnx.a(apm.o)
                0x000000000000a640                apmSetPerformanceConfiguration
 *fill*         0x000000000000a708        0x8 
 .text.bsearch  0x000000000000a710       0xb8 c:/devkitpro/devkita64/bin/../lib/gcc/aarch64-none-elf/12.2.0/../../../../aarch64-none-elf/lib/pic\libg.a(lib_a-bsearch.o)
                0x000000000000a710                bsearch
 *fill*         0x000000000000a7c8        0x8 
 .text.__errno  0x000000000000a7d0       0x14 c:/devkitpro/devkita64/bin/../lib/gcc/aarch64-none-elf/12.2.0/../../../../aarch64-none-elf/lib/pic\libg.a(lib_a-errno.o)
                0x000000000000a7d0                __errno
 *fill*         0x000000000000a7e4        0xc 
 .text.__libc_fini_array
                0x000000000000a7f0       0x44 c:/devkitpro/devkita64/bin/../lib/gcc/aarch64-none-elf/12.2.0/../../../../aarch64-none-elf/lib/pic\libg.a(lib_a-fini.o)
                0x000000000000a7f0                __libc_fini_array
 *fill*         0x000000000000a834        0xc 
 .text.gmtime   0x000000000000a840       0x2c c:/devkitpro/devkita64/bin/../lib/gcc/aarch64-none-elf/12.2.0/../../../../aarch64-none-elf/lib/pic\libg.a(lib_a-gmtime.o)
                0x000000000000a840                gmtime
 *fill*         0x000000000000a86c        0x4 
 .text.gmtime_r
                0x000000000000a870      0x2a0 c:/devkitpro/devkita64/bin/../lib/gcc/aarch64-none-elf/12.2.0/../../../../aarch64-none-elf/lib/pic\libg.a(lib_a-gmtime_r.o)
                0x000000000000a870                gmtime_r
 .text.__libc_init_array
                0x000000000000ab10       0x94 c:/devkitpro/devkita64/bin/../lib/gcc/aarch64-none-elf/12.2.0/../../../../aarch64-none-elf/lib/pic\libg.a(lib_a-init.o)
                0x000000000000ab10                __libc_init_array
 *fill*         0x000000000000aba4        0xc 
 .text.malloc   0x000000000000abb0       0x24 c:/devkitpro/devkita64/bin/../lib/gcc/aarch64-none-elf/12.2.0/../../../../aarch64-none-elf/lib/pic\libg.a(lib_a-malloc.o)
                0x000000000000abb0                malloc
 *fill*         0x000000000000abd4        0xc 
 .text.free     0x000000000000abe0       0x24 c:/devkitpro/devkita64/bin/../lib/gcc/aarch64-none-elf/12.2.0/../../../../aarch64-none-elf/lib/pic\libg.a(lib_a-malloc.o)
                0x000000000000abe0                free
 *fill*         0x000000000000ac04        0xc 
 .text._malloc_r
                0x000000000000ac10      0x830 c:/devkitpro/devkita64/bin/../lib/gcc/aarch64-none-elf/12.2.0/../../../../aarch64-none-elf/lib/pic\libg.a(lib_a-mallocr.o)
                0x000000000000ac10                _malloc_r
 .text          0x000000000000b440      0x16c c:/devkitpro/devkita64/bin/../lib/gcc/aarch64-none-elf/12.2.0/../../../../aarch64-none-elf/lib/pic\libg.a(lib_a-memcpy.o)
                0x000000000000b440                memcpy
 *fill*         0x000000000000b5ac       0x14 
 .text          0x000000000000b5c0      0x1dc c:/devkitpro/devkita64/bin/../lib/gcc/aarch64-none-elf/12.2.0/../../../../aarch64-none-elf/lib/pic\libg.a(lib_a-memset.o)
                0x000000000000b5c0                memset
 *fill*         0x000000000000b79c        0x4 
 .text.__malloc_lock
                0x000000000000b7a0        0xc c:/devkitpro/devkita64/bin/../lib/gcc/aarch64-none-elf/12.2.0/../../../../aarch64-none-elf/lib/pic\libg.a(lib_a-mlock.o)
                0x000000000000b7a0                __malloc_lock
 *fill*         0x000000000000b7ac        0x4 
 .text.__malloc_unlock
                0x000000000000b7b0        0xc c:/devkitpro/devkita64/bin/../lib/gcc/aarch64-none-elf/12.2.0/../../../../aarch64-none-elf/lib/pic\libg.a(lib_a-mlock.o)
                0x000000000000b7b0                __malloc_unlock
 *fill*         0x000000000000b7bc        0x4 
 .text.setenv   0x000000000000b7c0       0x3c c:/devkitpro/devkita64/bin/../lib/gcc/aarch64-none-elf/12.2.0/../../../../aarch64-none-elf/lib/pic\libg.a(lib_a-setenv.o)
                0x000000000000b7c0                setenv
 *fill*         0x000000000000b7fc        0x4 
 .text._setenv_r
                0x000000000000b800      0x254 c:/devkitpro/devkita64/bin/../lib/gcc/aarch64-none-elf/12.2.0/../../../../aarch64-none-elf/lib/pic\libg.a(lib_a-setenv_r.o)
                0x000000000000b800                _setenv_r
 .text          0x000000000000ba54       0xdc c:/devkitpro/devkita64/bin/../lib/gcc/aarch64-none-elf/12.2.0/../../../../aarch64-none-elf/lib/pic\libg.a(lib_a-strchr.o)
                0x000000000000ba54                strchr
 *fill*         0x000000000000bb30       0x10 
 .text          0x000000000000bb40       0xe4 c:/devkitpro/devkita64/bin/../lib/gcc/aarch64-none-elf/12.2.0/../../../../aarch64-none-elf/lib/pic\libg.a(lib_a-strcmp.o)
                0x000000000000bb40                strcmp
 *fill*         0x000000000000bc24       0x1c 
 .text          0x000000000000bc40      0x140 c:/devkitpro/devkita64/bin/../lib/gcc/aarch64-none-elf/12.2.0/../../../../aarch64-none-elf/lib/pic\libg.a(lib_a-strlen.o)
                0x000000000000bc40                strlen
 .text.strncat  0x000000000000bd80       0x78 c:/devkitpro/devkita64/bin/../lib/gcc/aarch64-none-elf/12.2.0/../../../../aarch64-none-elf/lib/pic\libg.a(lib_a-strncat.o)
                0x000000000000bd80                strncat
 *fill*         0x000000000000bdf8        0x8 
 .text          0x000000000000be00      0x1d4 c:/devkitpro/devkita64/bin/../lib/gcc/aarch64-none-elf/12.2.0/../../../../aarch64-none-elf/lib/pic\libg.a(lib_a-strncmp.o)
                0x000000000000be1c                strncmp
 *fill*         0x000000000000bfd4        0xc 
 .text.strncpy  0x000000000000bfe0       0x90 c:/devkitpro/devkita64/bin/../lib/gcc/aarch64-none-elf/12.2.0/../../../../aarch64-none-elf/lib/pic\libg.a(lib_a-strncpy.o)
                0x000000000000bfe0                strncpy
 *fill*         0x000000000000c070       0x10 
 .text          0x000000000000c080       0xe0 c:/devkitpro/devkita64/bin/../lib/gcc/aarch64-none-elf/12.2.0/../../../../aarch64-none-elf/lib/pic\libg.a(lib_a-strnlen.o)
                0x000000000000c0a4                strnlen
 .text._strtoul_l.constprop.0
                0x000000000000c160      0x198 c:/devkitpro/devkita64/bin/../lib/gcc/aarch64-none-elf/12.2.0/../../../../aarch64-none-elf/lib/pic\libg.a(lib_a-strtoul.o)
 *fill*         0x000000000000c2f8        0x8 
 .text.strtoul  0x000000000000c300       0x48 c:/devkitpro/devkita64/bin/../lib/gcc/aarch64-none-elf/12.2.0/../../../../aarch64-none-elf/lib/pic\libg.a(lib_a-strtoul.o)
                0x000000000000c300                strtoul
 *fill*         0x000000000000c348        0x8 
 .text.__call_exitprocs
                0x000000000000c350      0x124 c:/devkitpro/devkita64/bin/../lib/gcc/aarch64-none-elf/12.2.0/../../../../aarch64-none-elf/lib/pic\libg.a(lib_a-__call_atexit.o)
                0x000000000000c350                __call_exitprocs
 *fill*         0x000000000000c474        0xc 
 .text.__env_lock
                0x000000000000c480        0xc c:/devkitpro/devkita64/bin/../lib/gcc/aarch64-none-elf/12.2.0/../../../../aarch64-none-elf/lib/pic\libg.a(lib_a-envlock.o)
                0x000000000000c480                __env_lock
 *fill*         0x000000000000c48c        0x4 
 .text.__env_unlock
                0x000000000000c490        0xc c:/devkitpro/devkita64/bin/../lib/gcc/aarch64-none-elf/12.2.0/../../../../aarch64-none-elf/lib/pic\libg.a(lib_a-envlock.o)
                0x000000000000c490                __env_unlock
 *fill*         0x000000000000c49c        0x4 
 .text._malloc_trim_r
                0x000000000000c4a0      0x124 c:/devkitpro/devkita64/bin/../lib/gcc/aarch64-none-elf/12.2.0/../../../../aarch64-none-elf/lib/pic\libg.a(lib_a-freer.o)
                0x000000000000c4a0                _malloc_trim_r
 *fill*         0x000000000000c5c4        0xc 
 .text._free_r  0x000000000000c5d0      0x2d8 c:/devkitpro/devkita64/bin/../lib/gcc/aarch64-none-elf/12.2.0/../../../../aarch64-none-elf/lib/pic\libg.a(lib_a-freer.o)
                0x000000000000c5d0                _free_r
 *fill*         0x000000000000c8a8        0x8 
 .text._findenv_r
                0x000000000000c8b0       0xfc c:/devkitpro/devkita64/bin/../lib/gcc/aarch64-none-elf/12.2.0/../../../../aarch64-none-elf/lib/pic\libg.a(lib_a-getenv_r.o)
                0x000000000000c8b0                _findenv_r
 *fill*         0x000000000000c9ac        0x4 
 .text._realloc_r
                0x000000000000c9b0      0x524 c:/devkitpro/devkita64/bin/../lib/gcc/aarch64-none-elf/12.2.0/../../../../aarch64-none-elf/lib/pic\libg.a(lib_a-reallocr.o)
                0x000000000000c9b0                _realloc_r
 *fill*         0x000000000000ced4       0x2c 
 .text          0x000000000000cf00       0xac c:/devkitpro/devkita64/bin/../lib/gcc/aarch64-none-elf/12.2.0/../../../../aarch64-none-elf/lib/pic\libg.a(lib_a-memmove.o)
                0x000000000000cf00                memmove
 *fill*         0x000000000000cfac        0x4 
 .text.null_write
                0x000000000000cfb0        0x8 c:/devkitpro/devkita64/bin/../lib/gcc/aarch64-none-elf/12.2.0/../../../../aarch64-none-elf/lib/pic\libsysbase.a(iosupport.o)
 *fill*         0x000000000000cfb8        0x8 
 .text.setDefaultDevice
                0x000000000000cfc0       0x18 c:/devkitpro/devkita64/bin/../lib/gcc/aarch64-none-elf/12.2.0/../../../../aarch64-none-elf/lib/pic\libsysbase.a(iosupport.o)
                0x000000000000cfc0                setDefaultDevice
 *fill*         0x000000000000cfd8        0x8 
 .text.FindDevice
                0x000000000000cfe0       0xf8 c:/devkitpro/devkita64/bin/../lib/gcc/aarch64-none-elf/12.2.0/../../../../aarch64-none-elf/lib/pic\libsysbase.a(iosupport.o)
                0x000000000000cfe0                FindDevice
 *fill*         0x000000000000d0d8        0x8 
 .text.RemoveDevice
                0x000000000000d0e0       0x34 c:/devkitpro/devkita64/bin/../lib/gcc/aarch64-none-elf/12.2.0/../../../../aarch64-none-elf/lib/pic\libsysbase.a(iosupport.o)
                0x000000000000d0e0                RemoveDevice
 *fill*         0x000000000000d114        0xc 
 .text.AddDevice
                0x000000000000d120       0xc8 c:/devkitpro/devkita64/bin/../lib/gcc/aarch64-none-elf/12.2.0/../../../../aarch64-none-elf/lib/pic\libsysbase.a(iosupport.o)
                0x000000000000d120                AddDevice
 *fill*         0x000000000000d1e8        0x8 
 .text.GetDeviceOpTab
                0x000000000000d1f0       0x34 c:/devkitpro/devkita64/bin/../lib/gcc/aarch64-none-elf/12.2.0/../../../../aarch64-none-elf/lib/pic\libsysbase.a(iosupport.o)
                0x000000000000d1f0                GetDeviceOpTab
 *fill*         0x000000000000d224        0xc 
 .text._sbrk_r  0x000000000000d230       0x78 c:/devkitpro/devkita64/bin/../lib/gcc/aarch64-none-elf/12.2.0/../../../../aarch64-none-elf/lib/pic\libsysbase.a(sbrk.o)
                0x000000000000d230                _sbrk_r
 *fill*         0x000000000000d2a8        0x8 
 .text._exit    0x000000000000d2b0       0x20 c:/devkitpro/devkita64/bin/../lib/gcc/aarch64-none-elf/12.2.0/../../../../aarch64-none-elf/lib/pic\libsysbase.a(_exit.o)
                0x000000000000d2b0                _exit
 .text._concatenate_path
                0x000000000000d2d0      0x208 c:/devkitpro/devkita64/bin/../lib/gcc/aarch64-none-elf/12.2.0/../../../../aarch64-none-elf/lib/pic\libsysbase.a(chdir.o)
                0x000000000000d2d0                _concatenate_path
 *fill*         0x000000000000d4d8        0x8 
 .text.chdir    0x000000000000d4e0      0x170 c:/devkitpro/devkita64/bin/../lib/gcc/aarch64-none-elf/12.2.0/../../../../aarch64-none-elf/lib/pic\libsysbase.a(chdir.o)
                0x000000000000d4e0                chdir
 .text.__libc_lock_acquire_recursive
                0x000000000000d650       0x14 c:/devkitpro/devkita64/bin/../lib/gcc/aarch64-none-elf/12.2.0/../../../../aarch64-none-elf/lib/pic\libsysbase.a(locks.o)
                0x000000000000d650                __libc_lock_acquire_recursive
 *fill*         0x000000000000d664        0xc 
 .text.__libc_lock_release_recursive
                0x000000000000d670       0x14 c:/devkitpro/devkita64/bin/../lib/gcc/aarch64-none-elf/12.2.0/../../../../aarch64-none-elf/lib/pic\libsysbase.a(locks.o)
                0x000000000000d670                __libc_lock_release_recursive
 *fill*         0x000000000000d684        0xc 
 .text.__getreent
                0x000000000000d690       0x20 c:/devkitpro/devkita64/bin/../lib/gcc/aarch64-none-elf/12.2.0/../../../../aarch64-none-elf/lib/pic\libsysbase.a(getreent.o)
                0x000000000000d690                __getreent
 .text          0x000000000000d6b0      0x100 c:/devkitpro/devkita64/bin/../lib/gcc/aarch64-none-elf/12.2.0/../../../../aarch64-none-elf/lib/pic\libg.a(lib_a-strrchr.o)
                0x000000000000d6b0                strrchr
                0x000000000000d7b0                . = ALIGN (0x8)

.init           0x000000000000d7b0       0x38
 *(.init)
 .init          0x000000000000d7b0       0x18 c:/devkitpro/devkita64/bin/../lib/gcc/aarch64-none-elf/12.2.0/pic/crti.o
                0x000000000000d7b0                _init
 .init          0x000000000000d7c8       0x1c c:/devkitpro/devkita64/bin/../lib/gcc/aarch64-none-elf/12.2.0/pic/crtn.o
                0x000000000000d7e8                . = ALIGN (0x8)
 *fill*         0x000000000000d7e4        0x4 

.plt            0x000000000000d7e8       0x30
 *(.plt)
 .plt           0x000000000000d7e8       0x30 c:/devkitpro/devkita64/bin/../lib/gcc/aarch64-none-elf/12.2.0/pic/crti.o
 *(.iplt)
                0x000000000000d818                . = ALIGN (0x8)

.fini           0x000000000000d818       0x38
 *(.fini)
 .fini          0x000000000000d818       0x18 c:/devkitpro/devkita64/bin/../lib/gcc/aarch64-none-elf/12.2.0/pic/crti.o
                0x000000000000d818                _fini
 .fini          0x000000000000d830       0x1c c:/devkitpro/devkita64/bin/../lib/gcc/aarch64-none-elf/12.2.0/pic/crtn.o
                0x000000000000d850                . = ALIGN (0x8)
 *fill*         0x000000000000d84c        0x4 
                0x000000000000e000                . = ALIGN (0x1000)
                0x000000000000e000                __rodata_start = .

.nx-module-name
                0x000000000000e000       0x14
 *(.nx-module-name)
 .nx-module-name
                0x000000000000e000       0x14 c:/devkitpro/devkita64/bin/../lib/gcc/aarch64-none-elf/12.2.0/pic/crti.o

.rodata         0x000000000000e020      0x1c0
 *(.rodata .rodata.* .gnu.linkonce.r.*)
 .rodata.envSetup
                0x000000000000e020       0x11 C:/devkitPro/libnx/lib\libnx.a(env.o)
 *fill*         0x000000000000e031        0x7 
 .rodata.__libnx_init_time.str1.8
                0x000000000000e038        0xb C:/devkitPro/libnx/lib\libnx.a(newlib.o)
 *fill*         0x000000000000e043        0x5 
 .rodata.fsdev_fixpath.str1.8
                0x000000000000e048        0x2 C:/devkitPro/libnx/lib\libnx.a(fs_dev.o)
 *fill*         0x000000000000e04a        0x6 
 .rodata._fsdevUnmountDeviceStruct.part.0.str1.8
                0x000000000000e050        0x2 C:/devkitPro/libnx/lib\libnx.a(fs_dev.o)
 *fill*         0x000000000000e052        0x6 
 .rodata.fsdevMountDevice.str1.8
                0x000000000000e058        0x8 C:/devkitPro/libnx/lib\libnx.a(fs_dev.o)
                                         0x10 (size before relaxing)
 .rodata.fsdevMountSdmc.str1.8
                0x000000000000e060        0x5 C:/devkitPro/libnx/lib\libnx.a(fs_dev.o)
 *fill*         0x000000000000e065        0xb 
 .rodata.error_table
                0x000000000000e070       0x20 C:/devkitPro/libnx/lib\libnx.a(fs_dev.o)
 .rodata.smInitialize.str1.8
                0x000000000000e090        0x4 C:/devkitPro/libnx/lib\libnx.a(sm.o)
 *fill*         0x000000000000e094        0x4 
 .rodata.CSWTCH.560
                0x000000000000e098       0x14 C:/devkitPro/libnx/lib\libnx.a(applet.o)
 *fill*         0x000000000000e0ac        0x4 
 .rodata.nxlinkSetup.str1.8
                0x000000000000e0b0       0x10 C:/devkitPro/libnx/lib\libnx.a(nxlink.o)
                                          0x9 (size before relaxing)
 .rodata._ctype_
                0x000000000000e0c0      0x101 c:/devkitpro/devkita64/bin/../lib/gcc/aarch64-none-elf/12.2.0/../../../../aarch64-none-elf/lib/pic\libg.a(lib_a-ctype_.o)
                0x000000000000e0c0                _ctype_
 *fill*         0x000000000000e1c1        0xf 
 .rodata.cst16  0x000000000000e1d0       0x10 c:/devkitpro/devkita64/bin/../lib/gcc/aarch64-none-elf/12.2.0/../../../../aarch64-none-elf/lib/pic\libg.a(lib_a-mallocr.o)
 .rodata.AddDevice.str1.8
                0x000000000000e1e0        0x8 c:/devkitpro/devkita64/bin/../lib/gcc/aarch64-none-elf/12.2.0/../../../../aarch64-none-elf/lib/pic\libsysbase.a(iosupport.o)
                0x000000000000e1e8                . = ALIGN (0x8)

.eh_frame_hdr   0x000000000000e1e0        0x0
                0x000000000000e1e0                __eh_frame_hdr_start = .
 *(.eh_frame_hdr)
 *(.eh_frame_entry .eh_frame_entry.*)
                0x000000000000e1e0                __eh_frame_hdr_end = .

.eh_frame       0x000000000000e1e0     0x2aa0
 *(.eh_frame)
 .eh_frame      0x000000000000e1e0       0x50 c:/devkitpro/devkita64/bin/../lib/gcc/aarch64-none-elf/12.2.0/pic/crtbegin.o
 .eh_frame      0x000000000000e230       0x18 C:/devkitPro/libnx/lib\libnx.a(dynamic.o)
                                         0x30 (size before relaxing)
 .eh_frame      0x000000000000e248       0xa8 C:/devkitPro/libnx/lib\libnx.a(init.o)
                                         0xc0 (size before relaxing)
 .eh_frame      0x000000000000e2f0      0x148 C:/devkitPro/libnx/lib\libnx.a(env.o)
                                        0x210 (size before relaxing)
 .eh_frame      0x000000000000e438       0xd0 C:/devkitPro/libnx/lib\libnx.a(newlib.o)
                                        0x408 (size before relaxing)
 .eh_frame      0x000000000000e508       0x18 C:/devkitPro/libnx/lib\libnx.a(diag.o)
                                         0x30 (size before relaxing)
 .eh_frame      0x000000000000e520       0xd0 C:/devkitPro/libnx/lib\libnx.a(argv.o)
                                         0xe8 (size before relaxing)
 .eh_frame      0x000000000000e5f0      0x698 C:/devkitPro/libnx/lib\libnx.a(fs_dev.o)
                                        0x9a8 (size before relaxing)
 .eh_frame      0x000000000000ec88       0x18 C:/devkitPro/libnx/lib\libnx.a(decode_utf8.o)
                                         0x28 (size before relaxing)
 .eh_frame      0x000000000000eca0      0x190 C:/devkitPro/libnx/lib\libnx.a(svc.o)
                                        0xa00 (size before relaxing)
 .eh_frame      0x000000000000ee30       0x28 C:/devkitPro/libnx/lib\libnx.a(exception.o)
                                         0x40 (size before relaxing)
 .eh_frame      0x000000000000ee58       0x18 C:/devkitPro/libnx/lib\libnx.a(readtp.o)
                                         0x28 (size before relaxing)
 .eh_frame      0x000000000000ee70       0xa0 C:/devkitPro/libnx/lib\libnx.a(mutex.o)
                                         0xf0 (size before relaxing)
 .eh_frame      0x000000000000ef10      0x148 C:/devkitPro/libnx/lib\libnx.a(virtmem.o)
                                        0x220 (size before relaxing)
 .eh_frame      0x000000000000f058       0x30 C:/devkitPro/libnx/lib\libnx.a(condvar.o)
                                         0x48 (size before relaxing)
 .eh_frame      0x000000000000f088       0x60 C:/devkitPro/libnx/lib\libnx.a(random.o)
                                         0x70 (size before relaxing)
 .eh_frame      0x000000000000f0e8       0x28 C:/devkitPro/libnx/lib\libnx.a(thread.o)
                                        0x220 (size before relaxing)
 .eh_frame      0x000000000000f110       0xd8 C:/devkitPro/libnx/lib\libnx.a(set.o)
                                       0x2c60 (size before relaxing)
 .eh_frame      0x000000000000f1e8      0x568 C:/devkitPro/libnx/lib\libnx.a(fs.o)
                                       0x16a8 (size before relaxing)
 .eh_frame      0x000000000000f750      0x140 C:/devkitPro/libnx/lib\libnx.a(sm.o)
                                        0x2f8 (size before relaxing)
 .eh_frame      0x000000000000f890      0x518 C:/devkitPro/libnx/lib\libnx.a(applet.o)
                                       0x46e0 (size before relaxing)
 .eh_frame      0x000000000000fda8      0x1d8 C:/devkitPro/libnx/lib\libnx.a(time.o)
                                        0x440 (size before relaxing)
 .eh_frame      0x000000000000ff80       0xe8 C:/devkitPro/libnx/lib\libnx.a(hid.o)
                                       0x1b90 (size before relaxing)
 .eh_frame      0x0000000000010068       0x28 C:/devkitPro/libnx/lib\libnx.a(hosversion.o)
                                         0x50 (size before relaxing)
 .eh_frame      0x0000000000010090       0x50 C:/devkitPro/libnx/lib\libnx.a(nxlink.o)
                                         0x68 (size before relaxing)
 .eh_frame      0x00000000000100e0       0x28 C:/devkitPro/libnx/lib\libnx.a(alloc.o)
                                         0x50 (size before relaxing)
 .eh_frame      0x0000000000010108       0x98 C:/devkitPro/libnx/lib\libnx.a(shmem.o)
                                         0xc0 (size before relaxing)
 .eh_frame      0x00000000000101a0       0x48 C:/devkitPro/libnx/lib\libnx.a(wait.o)
                                         0x98 (size before relaxing)
 .eh_frame      0x00000000000101e8       0x50 C:/devkitPro/libnx/lib\libnx.a(tmem.o)
                                        0x100 (size before relaxing)
 .eh_frame      0x0000000000010238       0x60 C:/devkitPro/libnx/lib\libnx.a(event.o)
                                         0xc0 (size before relaxing)
 .eh_frame      0x0000000000010298      0x100 C:/devkitPro/libnx/lib\libnx.a(sessionmgr.o)
                                        0x118 (size before relaxing)
 .eh_frame      0x0000000000010398       0xe0 C:/devkitPro/libnx/lib\libnx.a(apm.o)
                                        0x168 (size before relaxing)
 .eh_frame      0x0000000000010478        0x0 c:/devkitpro/devkita64/bin/../lib/gcc/aarch64-none-elf/12.2.0/../../../../aarch64-none-elf/lib/pic\libg.a(lib_a-aligned_alloc.o)
                                         0x38 (size before relaxing)
 .eh_frame      0x0000000000010478       0x68 c:/devkitpro/devkita64/bin/../lib/gcc/aarch64-none-elf/12.2.0/../../../../aarch64-none-elf/lib/pic\libg.a(lib_a-bsearch.o)
                                         0x78 (size before relaxing)
 .eh_frame      0x00000000000104e0        0x0 c:/devkitpro/devkita64/bin/../lib/gcc/aarch64-none-elf/12.2.0/../../../../aarch64-none-elf/lib/pic\libg.a(lib_a-ctype_.o)
                                         0x28 (size before relaxing)
 .eh_frame      0x00000000000104e0       0x20 c:/devkitpro/devkita64/bin/../lib/gcc/aarch64-none-elf/12.2.0/../../../../aarch64-none-elf/lib/pic\libg.a(lib_a-errno.o)
                                         0x38 (size before relaxing)
 .eh_frame      0x0000000000010500       0x20 c:/devkitpro/devkita64/bin/../lib/gcc/aarch64-none-elf/12.2.0/../../../../aarch64-none-elf/lib/pic\libg.a(lib_a-exit.o)
                                         0x30 (size before relaxing)
 .eh_frame      0x0000000000010520       0x28 c:/devkitpro/devkita64/bin/../lib/gcc/aarch64-none-elf/12.2.0/../../../../aarch64-none-elf/lib/pic\libg.a(lib_a-fini.o)
                                         0x38 (size before relaxing)
 .eh_frame      0x0000000000010548       0x28 c:/devkitpro/devkita64/bin/../lib/gcc/aarch64-none-elf/12.2.0/../../../../aarch64-none-elf/lib/pic\libg.a(lib_a-gmtime.o)
                                         0x38 (size before relaxing)
 .eh_frame      0x0000000000010570       0x18 c:/devkitpro/devkita64/bin/../lib/gcc/aarch64-none-elf/12.2.0/../../../../aarch64-none-elf/lib/pic\libg.a(lib_a-gmtime_r.o)
                                         0x28 (size before relaxing)
 .eh_frame      0x0000000000010588       0x28 c:/devkitpro/devkita64/bin/../lib/gcc/aarch64-none-elf/12.2.0/../../../../aarch64-none-elf/lib/pic\libg.a(lib_a-init.o)
                                         0x40 (size before relaxing)
 .eh_frame      0x00000000000105b0        0x0 c:/devkitpro/devkita64/bin/../lib/gcc/aarch64-none-elf/12.2.0/../../../../aarch64-none-elf/lib/pic\libg.a(lib_a-malignr.o)
                                         0x68 (size before relaxing)
 .eh_frame      0x00000000000105b0       0x48 c:/devkitpro/devkita64/bin/../lib/gcc/aarch64-none-elf/12.2.0/../../../../aarch64-none-elf/lib/pic\libg.a(lib_a-malloc.o)
                                         0x60 (size before relaxing)
 .eh_frame      0x00000000000105f8       0xf0 c:/devkitpro/devkita64/bin/../lib/gcc/aarch64-none-elf/12.2.0/../../../../aarch64-none-elf/lib/pic\libg.a(lib_a-mallocr.o)
                                        0x100 (size before relaxing)
 .eh_frame      0x00000000000106e8       0x28 c:/devkitpro/devkita64/bin/../lib/gcc/aarch64-none-elf/12.2.0/../../../../aarch64-none-elf/lib/pic\libg.a(lib_a-mlock.o)
                                         0x40 (size before relaxing)
 .eh_frame      0x0000000000010710       0x28 c:/devkitpro/devkita64/bin/../lib/gcc/aarch64-none-elf/12.2.0/../../../../aarch64-none-elf/lib/pic\libg.a(lib_a-setenv.o)
                                         0x60 (size before relaxing)
 .eh_frame      0x0000000000010738       0x78 c:/devkitpro/devkita64/bin/../lib/gcc/aarch64-none-elf/12.2.0/../../../../aarch64-none-elf/lib/pic\libg.a(lib_a-setenv_r.o)
                                         0xc8 (size before relaxing)
 .eh_frame      0x00000000000107b0       0x18 c:/devkitpro/devkita64/bin/../lib/gcc/aarch64-none-elf/12.2.0/../../../../aarch64-none-elf/lib/pic\libg.a(lib_a-strncat.o)
                                         0x28 (size before relaxing)
 .eh_frame      0x00000000000107c8       0x18 c:/devkitpro/devkita64/bin/../lib/gcc/aarch64-none-elf/12.2.0/../../../../aarch64-none-elf/lib/pic\libg.a(lib_a-strncpy.o)
                                         0x28 (size before relaxing)
 .eh_frame      0x00000000000107e0       0x40 c:/devkitpro/devkita64/bin/../lib/gcc/aarch64-none-elf/12.2.0/../../../../aarch64-none-elf/lib/pic\libg.a(lib_a-strtoul.o)
                                         0xa8 (size before relaxing)
 .eh_frame      0x0000000000010820       0x50 c:/devkitpro/devkita64/bin/../lib/gcc/aarch64-none-elf/12.2.0/../../../../aarch64-none-elf/lib/pic\libg.a(lib_a-__call_atexit.o)
                                         0x68 (size before relaxing)
 .eh_frame      0x0000000000010870       0x28 c:/devkitpro/devkita64/bin/../lib/gcc/aarch64-none-elf/12.2.0/../../../../aarch64-none-elf/lib/pic\libg.a(lib_a-envlock.o)
                                         0x40 (size before relaxing)
 .eh_frame      0x0000000000010898       0x80 c:/devkitpro/devkita64/bin/../lib/gcc/aarch64-none-elf/12.2.0/../../../../aarch64-none-elf/lib/pic\libg.a(lib_a-freer.o)
                                         0x90 (size before relaxing)
 .eh_frame      0x0000000000010918       0x58 c:/devkitpro/devkita64/bin/../lib/gcc/aarch64-none-elf/12.2.0/../../../../aarch64-none-elf/lib/pic\libg.a(lib_a-getenv_r.o)
                                         0x90 (size before relaxing)
 .eh_frame      0x0000000000010970       0xd8 c:/devkitpro/devkita64/bin/../lib/gcc/aarch64-none-elf/12.2.0/../../../../aarch64-none-elf/lib/pic\libg.a(lib_a-reallocr.o)
                                         0xf0 (size before relaxing)
 .eh_frame      0x0000000000010a48      0x108 c:/devkitpro/devkita64/bin/../lib/gcc/aarch64-none-elf/12.2.0/../../../../aarch64-none-elf/lib/pic\libsysbase.a(iosupport.o)
                                        0x120 (size before relaxing)
 .eh_frame      0x0000000000010b50       0x18 c:/devkitpro/devkita64/bin/../lib/gcc/aarch64-none-elf/12.2.0/../../../../aarch64-none-elf/lib/pic\libsysbase.a(sbrk.o)
                                         0x28 (size before relaxing)
 .eh_frame      0x0000000000010b68       0x20 c:/devkitpro/devkita64/bin/../lib/gcc/aarch64-none-elf/12.2.0/../../../../aarch64-none-elf/lib/pic\libsysbase.a(_exit.o)
                                         0x38 (size before relaxing)
 .eh_frame      0x0000000000010b88       0xb8 c:/devkitpro/devkita64/bin/../lib/gcc/aarch64-none-elf/12.2.0/../../../../aarch64-none-elf/lib/pic\libsysbase.a(chdir.o)
                                        0x100 (size before relaxing)
 .eh_frame      0x0000000000010c40       0x28 c:/devkitpro/devkita64/bin/../lib/gcc/aarch64-none-elf/12.2.0/../../../../aarch64-none-elf/lib/pic\libsysbase.a(locks.o)
                                        0x178 (size before relaxing)
 .eh_frame      0x0000000000010c68       0x14 c:/devkitpro/devkita64/bin/../lib/gcc/aarch64-none-elf/12.2.0/../../../../aarch64-none-elf/lib/pic\libsysbase.a(getreent.o)
                                         0x28 (size before relaxing)
 .eh_frame      0x0000000000010c7c        0x0 c:/devkitpro/devkita64/bin/../lib/gcc/aarch64-none-elf/12.2.0/../../../../aarch64-none-elf/lib/pic\libsysbase.a(clocks.o)
                                         0x78 (size before relaxing)
 .eh_frame      0x0000000000010c7c        0x4 c:/devkitpro/devkita64/bin/../lib/gcc/aarch64-none-elf/12.2.0/pic/crtend.o
 *(.eh_frame.*)

.gcc_except_table
 *(.gcc_except_table .gcc_except_table.*)

.gnu_extab
 *(.gnu_extab*)

.dynamic        0x0000000000010c80      0x150
 *(.dynamic)
 .dynamic       0x0000000000010c80      0x150 c:/devkitpro/devkita64/bin/../lib/gcc/aarch64-none-elf/12.2.0/pic/crti.o
                0x0000000000010c80                _DYNAMIC

.dynsym         0x0000000000010dd0       0x48
 *(.dynsym)
 .dynsym        0x0000000000010dd0       0x48 c:/devkitpro/devkita64/bin/../lib/gcc/aarch64-none-elf/12.2.0/pic/crti.o

.dynstr         0x0000000000010e18        0x1
 *(.dynstr)
 .dynstr        0x0000000000010e18        0x1 c:/devkitpro/devkita64/bin/../lib/gcc/aarch64-none-elf/12.2.0/pic/crti.o

.rela.dyn       0x0000000000010e20     0x2118
 *(.rela.*)
 .rela.got      0x0000000000010e20      0x468 c:/devkitpro/devkita64/bin/../lib/gcc/aarch64-none-elf/12.2.0/pic/crti.o
 .rela.plt      0x0000000000011288       0x18 c:/devkitpro/devkita64/bin/../lib/gcc/aarch64-none-elf/12.2.0/pic/crti.o
 .rela.bss      0x00000000000112a0        0x0 c:/devkitpro/devkita64/bin/../lib/gcc/aarch64-none-elf/12.2.0/pic/crti.o
 .rela.data.rel.ro
                0x00000000000112a0        0x0 c:/devkitpro/devkita64/bin/../lib/gcc/aarch64-none-elf/12.2.0/pic/crti.o
 .rela.init_array
                0x00000000000112a0       0x18 c:/devkitpro/devkita64/bin/../lib/gcc/aarch64-none-elf/12.2.0/pic/crti.o
 .rela.fini_array
                0x00000000000112b8       0x18 c:/devkitpro/devkita64/bin/../lib/gcc/aarch64-none-elf/12.2.0/pic/crti.o
 .rela.ifunc    0x00000000000112d0        0x0 c:/devkitpro/devkita64/bin/../lib/gcc/aarch64-none-elf/12.2.0/pic/crti.o
 .rela.data.rel.ro.local.fsdev_devoptab
                0x00000000000112d0      0x228 c:/devkitpro/devkita64/bin/../lib/gcc/aarch64-none-elf/12.2.0/pic/crti.o
 .rela.data.rel.ro.local._global_impure_ptr
                0x00000000000114f8       0x18 c:/devkitpro/devkita64/bin/../lib/gcc/aarch64-none-elf/12.2.0/pic/crti.o
 .rela.data.rel.local._impure_ptr
                0x0000000000011510       0x18 c:/devkitpro/devkita64/bin/../lib/gcc/aarch64-none-elf/12.2.0/pic/crti.o
 .rela.data.rel.local.impure_data
                0x0000000000011528       0x48 c:/devkitpro/devkita64/bin/../lib/gcc/aarch64-none-elf/12.2.0/pic/crti.o
 .rela.data.rel.__malloc_av_
                0x0000000000011570     0x1800 c:/devkitpro/devkita64/bin/../lib/gcc/aarch64-none-elf/12.2.0/pic/crti.o
 .rela.data.rel.local.environ
                0x0000000000012d70       0x18 c:/devkitpro/devkita64/bin/../lib/gcc/aarch64-none-elf/12.2.0/pic/crti.o
 .rela.data.rel.devoptab_list
                0x0000000000012d88      0x180 c:/devkitpro/devkita64/bin/../lib/gcc/aarch64-none-elf/12.2.0/pic/crti.o
 .rela.data.rel.ro.local.dotab_stdnull
                0x0000000000012f08       0x30 c:/devkitpro/devkita64/bin/../lib/gcc/aarch64-none-elf/12.2.0/pic/crti.o

.interp
 *(.interp)

.hash           0x0000000000012f38       0x18
 *(.hash)
 .hash          0x0000000000012f38       0x18 c:/devkitpro/devkita64/bin/../lib/gcc/aarch64-none-elf/12.2.0/pic/crti.o

.gnu.hash
 *(.gnu.hash)

.gnu.version    0x0000000000012f50        0x0
 *(.gnu.version)
 .gnu.version   0x0000000000012f50        0x0 c:/devkitpro/devkita64/bin/../lib/gcc/aarch64-none-elf/12.2.0/pic/crti.o

.gnu.version_d  0x0000000000012f50        0x0
 *(.gnu.version_d)
 .gnu.version_d
                0x0000000000012f50        0x0 c:/devkitpro/devkita64/bin/../lib/gcc/aarch64-none-elf/12.2.0/pic/crti.o

.gnu.version_r  0x0000000000012f50        0x0
 *(.gnu.version_r)
 .gnu.version_r
                0x0000000000012f50        0x0 c:/devkitpro/devkita64/bin/../lib/gcc/aarch64-none-elf/12.2.0/pic/crti.o

.note.gnu.build-id
                0x0000000000012f50       0x24
 *(.note.gnu.build-id)
 .note.gnu.build-id
                0x0000000000012f50       0x24 c:/devkitpro/devkita64/bin/../lib/gcc/aarch64-none-elf/12.2.0/pic/crti.o
                0x0000000000013000                . = ALIGN (0x1000)
                0x0000000000013000                __data_start = .

.eh_frame
 *(.eh_frame)
 *(.eh_frame.*)

.gcc_except_table
 *(.gcc_except_table .gcc_except_table.*)

.gnu_extab
 *(.gnu_extab*)

.exception_ranges
 *(.exception_ranges .exception_ranges*)

.tdata          0x0000000000013000        0x0
                0x0000000000013000                __tdata_lma = .
 *(.tdata .tdata.* .gnu.linkonce.td.*)
                0x0000000000013000                . = ALIGN (0x8)
                0x0000000000013000                __tdata_lma_end = .

.tbss           0x0000000000013000      0x410
 *(.tbss .tbss.* .gnu.linkonce.tb.*)
 .tbss.fsdev_last_result
                0x0000000000013000        0x4 C:/devkitPro/libnx/lib\libnx.a(fs_dev.o)
 .tbss.g_fsPriority
                0x0000000000013004        0x4 C:/devkitPro/libnx/lib\libnx.a(fs.o)
 .tbss.__nx_dev_path_buf
                0x0000000000013008      0x401 C:/devkitPro/libnx/lib\libnx.a(path_buf.o)
                0x0000000000013008                __nx_dev_path_buf
 *(.tcommon)
                0x0000000000013410                . = ALIGN (0x8)
 *fill*         0x0000000000013409        0x7 

.preinit_array  0x0000000000013000        0x0
                0x0000000000013000                PROVIDE (__preinit_array_start = .)
 *(.preinit_array)
                0x0000000000013000                PROVIDE (__preinit_array_end = .)

.init_array     0x0000000000013000        0x8
                0x0000000000013000                PROVIDE (__init_array_start = .)
 *(SORT_BY_INIT_PRIORITY(.init_array.*) SORT_BY_INIT_PRIORITY(.ctors.*))
 *(.init_array .ctors)
 .init_array    0x0000000000013000        0x8 c:/devkitpro/devkita64/bin/../lib/gcc/aarch64-none-elf/12.2.0/pic/crtbegin.o
                0x0000000000013008                PROVIDE (__init_array_end = .)

.fini_array     0x0000000000013008        0x8
                0x0000000000013008                PROVIDE (__fini_array_start = .)
 *(SORT_BY_INIT_PRIORITY(.fini_array.*) SORT_BY_INIT_PRIORITY(.dtors.*))
 *(.fini_array .dtors)
 .fini_array    0x0000000000013008        0x8 c:/devkitpro/devkita64/bin/../lib/gcc/aarch64-none-elf/12.2.0/pic/crtbegin.o
                0x0000000000013010                PROVIDE (__fini_array_end = .)
                0x0000000000013010                __got_start__ = .

.got            0x0000000000013010      0x1b8
 *(.got)
 .got           0x0000000000013010      0x1b8 c:/devkitpro/devkita64/bin/../lib/gcc/aarch64-none-elf/12.2.0/pic/crti.o
                0x0000000000013010                _GLOBAL_OFFSET_TABLE_
 *(.igot)

.got.plt        0x00000000000131c8       0x20
 *(.got.plt)
 .got.plt       0x00000000000131c8       0x20 c:/devkitpro/devkita64/bin/../lib/gcc/aarch64-none-elf/12.2.0/pic/crti.o
 *(.igot.plt)
                0x00000000000131e8                __got_end__ = .

.data           0x00000000000131e8     0x1618
 *(.data .data.* .gnu.linkonce.d.*)
 .data.rel.ro   0x00000000000131e8        0x0 c:/devkitpro/devkita64/bin/../lib/gcc/aarch64-none-elf/12.2.0/pic/crti.o
 .data.__nx_exception_stack_size
                0x00000000000131e8        0x8 C:/devkitPro/libnx/lib\libnx.a(init.o)
                0x00000000000131e8                __nx_exception_stack_size
 .data.__nx_fsdev_support_cwd
                0x00000000000131f0        0x1 C:/devkitPro/libnx/lib\libnx.a(fs_dev.o)
                0x00000000000131f0                __nx_fsdev_support_cwd
 *fill*         0x00000000000131f1        0x3 
 .data.__nx_fsdev_direntry_cache_size
                0x00000000000131f4        0x4 C:/devkitPro/libnx/lib\libnx.a(fs_dev.o)
                0x00000000000131f4                __nx_fsdev_direntry_cache_size
 .data.rel.ro.local.fsdev_devoptab
                0x00000000000131f8       0xe0 C:/devkitPro/libnx/lib\libnx.a(fs_dev.o)
 .data.__nx_fs_num_sessions
                0x00000000000132d8        0x4 C:/devkitPro/libnx/lib\libnx.a(fs.o)
                0x00000000000132d8                __nx_fs_num_sessions
 .data.__nx_applet_auto_notifyrunning
                0x00000000000132dc        0x1 C:/devkitPro/libnx/lib\libnx.a(applet.o)
                0x00000000000132dc                __nx_applet_auto_notifyrunning
 *fill*         0x00000000000132dd        0x3 
 .data.__nx_applet_type
                0x00000000000132e0        0x4 C:/devkitPro/libnx/lib\libnx.a(applet.o)
                0x00000000000132e0                __nx_applet_type
 *fill*         0x00000000000132e4        0x4 
 .data.rel.ro.local._global_impure_ptr
                0x00000000000132e8        0x8 c:/devkitpro/devkita64/bin/../lib/gcc/aarch64-none-elf/12.2.0/../../../../aarch64-none-elf/lib/pic\libg.a(lib_a-impure.o)
                0x00000000000132e8                _global_impure_ptr
 .data.rel.local._impure_ptr
                0x00000000000132f0        0x8 c:/devkitpro/devkita64/bin/../lib/gcc/aarch64-none-elf/12.2.0/../../../../aarch64-none-elf/lib/pic\libg.a(lib_a-impure.o)
                0x00000000000132f0                _impure_ptr
 *fill*         0x00000000000132f8        0x8 
 .data.rel.local.impure_data
                0x0000000000013300      0x768 c:/devkitpro/devkita64/bin/../lib/gcc/aarch64-none-elf/12.2.0/../../../../aarch64-none-elf/lib/pic\libg.a(lib_a-impure.o)
 .data.__malloc_sbrk_base
                0x0000000000013a68        0x8 c:/devkitpro/devkita64/bin/../lib/gcc/aarch64-none-elf/12.2.0/../../../../aarch64-none-elf/lib/pic\libg.a(lib_a-mallocr.o)
                0x0000000000013a68                __malloc_sbrk_base
 .data.__malloc_trim_threshold
                0x0000000000013a70        0x8 c:/devkitpro/devkita64/bin/../lib/gcc/aarch64-none-elf/12.2.0/../../../../aarch64-none-elf/lib/pic\libg.a(lib_a-mallocr.o)
                0x0000000000013a70                __malloc_trim_threshold
 .data.rel.__malloc_av_
                0x0000000000013a78      0x810 c:/devkitpro/devkita64/bin/../lib/gcc/aarch64-none-elf/12.2.0/../../../../aarch64-none-elf/lib/pic\libg.a(lib_a-mallocr.o)
                0x0000000000013a78                __malloc_av_
 .data.rel.local.environ
                0x0000000000014288        0x8 c:/devkitpro/devkita64/bin/../lib/gcc/aarch64-none-elf/12.2.0/../../../../aarch64-none-elf/lib/pic\libg.a(lib_a-environ.o)
                0x0000000000014288                environ
 .data.rel.devoptab_list
                0x0000000000014290       0x80 c:/devkitpro/devkita64/bin/../lib/gcc/aarch64-none-elf/12.2.0/../../../../aarch64-none-elf/lib/pic\libsysbase.a(iosupport.o)
                0x0000000000014290                devoptab_list
 .data.rel.ro.local.dotab_stdnull
                0x0000000000014310       0xe0 c:/devkitpro/devkita64/bin/../lib/gcc/aarch64-none-elf/12.2.0/../../../../aarch64-none-elf/lib/pic\libsysbase.a(iosupport.o)
                0x0000000000014310                dotab_stdnull
 .data.defaultDevice
                0x00000000000143f0        0x4 c:/devkitpro/devkita64/bin/../lib/gcc/aarch64-none-elf/12.2.0/../../../../aarch64-none-elf/lib/pic\libsysbase.a(iosupport.o)
 *fill*         0x00000000000143f4        0xc 
 .data._current_working_directory
                0x0000000000014400      0x400 c:/devkitpro/devkita64/bin/../lib/gcc/aarch64-none-elf/12.2.0/../../../../aarch64-none-elf/lib/pic\libsysbase.a(chdir.o)
                0x0000000000014800                __bss_start__ = .

.bss            0x0000000000014800     0x3be0
 *(.dynbss)
 .dynbss        0x0000000000014800        0x0 c:/devkitpro/devkita64/bin/../lib/gcc/aarch64-none-elf/12.2.0/pic/crti.o
 *(.bss .bss.* .gnu.linkonce.b.*)
 .bss.completed.1
                0x0000000000014800        0x1 c:/devkitpro/devkita64/bin/../lib/gcc/aarch64-none-elf/12.2.0/pic/crtbegin.o
 *fill*         0x0000000000014801        0x7 
 .bss.object.0  0x0000000000014808       0x30 c:/devkitpro/devkita64/bin/../lib/gcc/aarch64-none-elf/12.2.0/pic/crtbegin.o
 .bss.__stack_top
                0x0000000000014838        0x8 C:/devkitPro/libnx/lib\libnx.a(switch_crt0.o)
                0x0000000000014838                __stack_top
 .bss.__nx_exceptiondump
                0x0000000000014840      0x340 C:/devkitPro/libnx/lib\libnx.a(init.o)
                0x0000000000014840                __nx_exceptiondump
 .bss.__nx_exception_ignoredebug
                0x0000000000014b80        0x4 C:/devkitPro/libnx/lib\libnx.a(init.o)
                0x0000000000014b80                __nx_exception_ignoredebug
 *fill*         0x0000000000014b84        0xc 
 .bss.__nx_exception_stack
                0x0000000000014b90      0x400 C:/devkitPro/libnx/lib\libnx.a(init.o)
                0x0000000000014b90                __nx_exception_stack
 .bss.__nx_heap_size
                0x0000000000014f90        0x8 C:/devkitPro/libnx/lib\libnx.a(init.o)
                0x0000000000014f90                __nx_heap_size
 .bss.g_userIdStorage
                0x0000000000014f98        0x8 C:/devkitPro/libnx/lib\libnx.a(env.o)
 .bss.g_randomSeed
                0x0000000000014fa0       0x10 C:/devkitPro/libnx/lib\libnx.a(env.o)
 .bss.g_hasRandomSeed
                0x0000000000014fb0        0x1 C:/devkitPro/libnx/lib\libnx.a(env.o)
 *fill*         0x0000000000014fb1        0x3 
 .bss.g_lastLoadResult
                0x0000000000014fb4        0x4 C:/devkitPro/libnx/lib\libnx.a(env.o)
 .bss.g_nextLoadArgv
                0x0000000000014fb8        0x8 C:/devkitPro/libnx/lib\libnx.a(env.o)
 .bss.g_nextLoadPath
                0x0000000000014fc0        0x8 C:/devkitPro/libnx/lib\libnx.a(env.o)
 .bss.g_processHandle
                0x0000000000014fc8        0x4 C:/devkitPro/libnx/lib\libnx.a(env.o)
 *fill*         0x0000000000014fcc        0x4 
 .bss.g_syscallHints
                0x0000000000014fd0       0x18 C:/devkitPro/libnx/lib\libnx.a(env.o)
 .bss.g_overrideArgv
                0x0000000000014fe8        0x8 C:/devkitPro/libnx/lib\libnx.a(env.o)
 .bss.g_overrideHeapSize
                0x0000000000014ff0        0x8 C:/devkitPro/libnx/lib\libnx.a(env.o)
 .bss.g_overrideHeapAddr
                0x0000000000014ff8        0x8 C:/devkitPro/libnx/lib\libnx.a(env.o)
 .bss.g_loaderRetAddr
                0x0000000000015000        0x8 C:/devkitPro/libnx/lib\libnx.a(env.o)
 .bss.g_mainThreadHandle
                0x0000000000015008        0x4 C:/devkitPro/libnx/lib\libnx.a(env.o)
 *fill*         0x000000000001500c        0x4 
 .bss.g_loaderInfoSize
                0x0000000000015010        0x8 C:/devkitPro/libnx/lib\libnx.a(env.o)
 .bss.g_loaderInfo
                0x0000000000015018        0x8 C:/devkitPro/libnx/lib\libnx.a(env.o)
 .bss.g_isNso   0x0000000000015020        0x1 C:/devkitPro/libnx/lib\libnx.a(env.o)
 *fill*         0x0000000000015021        0x7 
 .bss.__bootticks
                0x0000000000015028        0x8 C:/devkitPro/libnx/lib\libnx.a(newlib.o)
 .bss.__boottime
                0x0000000000015030        0x8 C:/devkitPro/libnx/lib\libnx.a(newlib.o)
 .bss.__nx_time_type
                0x0000000000015038        0x4 C:/devkitPro/libnx/lib\libnx.a(newlib.o)
                0x0000000000015038                __nx_time_type
 *fill*         0x000000000001503c        0x4 
 .bss.g_argv_empty
                0x0000000000015040        0x8 C:/devkitPro/libnx/lib\libnx.a(argv.o)
 .bss.__system_argv
                0x0000000000015048        0x8 C:/devkitPro/libnx/lib\libnx.a(argv.o)
                0x0000000000015048                __system_argv
 .bss.__system_argc
                0x0000000000015050        0x4 C:/devkitPro/libnx/lib\libnx.a(argv.o)
                0x0000000000015050                __system_argc
 *fill*         0x0000000000015054        0x4 
 .bss.fsdev_fsdevices
                0x0000000000015058     0x2400 C:/devkitPro/libnx/lib\libnx.a(fs_dev.o)
 .bss.fsdev_fsdevice_cwd
                0x0000000000017458        0x4 C:/devkitPro/libnx/lib\libnx.a(fs_dev.o)
 .bss.fsdev_initialised
                0x000000000001745c        0x1 C:/devkitPro/libnx/lib\libnx.a(fs_dev.o)
 .bss.g_IsLegacyKernel
                0x000000000001745d        0x1 C:/devkitPro/libnx/lib\libnx.a(virtmem.o)
 *fill*         0x000000000001745e        0x2 
 .bss.g_Reservations
                0x0000000000017460        0x8 C:/devkitPro/libnx/lib\libnx.a(virtmem.o)
 .bss.g_StackRegion
                0x0000000000017468       0x10 C:/devkitPro/libnx/lib\libnx.a(virtmem.o)
 .bss.g_AslrRegion
                0x0000000000017478       0x10 C:/devkitPro/libnx/lib\libnx.a(virtmem.o)
 .bss.g_HeapRegion
                0x0000000000017488       0x10 C:/devkitPro/libnx/lib\libnx.a(virtmem.o)
 .bss.g_AliasRegion
                0x0000000000017498       0x10 C:/devkitPro/libnx/lib\libnx.a(virtmem.o)
 .bss.g_VirtmemMutex
                0x00000000000174a8        0x4 C:/devkitPro/libnx/lib\libnx.a(virtmem.o)
 .bss.g_randMutex
                0x00000000000174ac        0x4 C:/devkitPro/libnx/lib\libnx.a(random.o)
 .bss.g_randInit
                0x00000000000174b0        0x1 C:/devkitPro/libnx/lib\libnx.a(random.o)
 *fill*         0x00000000000174b1        0xf 
 .bss.g_chacha  0x00000000000174c0       0x40 C:/devkitPro/libnx/lib\libnx.a(random.o)
 .bss.g_mainThread
                0x0000000000017500       0x38 C:/devkitPro/libnx/lib\libnx.a(thread.o)
 .bss.g_threadList
                0x0000000000017538        0x8 C:/devkitPro/libnx/lib\libnx.a(thread.o)
 .bss.g_threadMutex
                0x0000000000017540        0x4 C:/devkitPro/libnx/lib\libnx.a(thread.o)
 *fill*         0x0000000000017544        0x4 
 .bss.g_setsysGuard
                0x0000000000017548        0x8 C:/devkitPro/libnx/lib\libnx.a(set.o)
 .bss.g_setsysSrv
                0x0000000000017550       0x10 C:/devkitPro/libnx/lib\libnx.a(set.o)
 .bss.g_fsGuard
                0x0000000000017560        0x8 C:/devkitPro/libnx/lib\libnx.a(fs.o)
 *fill*         0x0000000000017568        0x8 
 .bss.g_fsSessionMgr
                0x0000000000017570       0x54 C:/devkitPro/libnx/lib\libnx.a(fs.o)
 *fill*         0x00000000000175c4        0x4 
 .bss.g_fsSrv   0x00000000000175c8       0x10 C:/devkitPro/libnx/lib\libnx.a(fs.o)
 .bss.g_smGuard
                0x00000000000175d8        0x8 C:/devkitPro/libnx/lib\libnx.a(sm.o)
 .bss.g_smOverridesNum
                0x00000000000175e0        0x8 C:/devkitPro/libnx/lib\libnx.a(sm.o)
 .bss.g_smOverrides
                0x00000000000175e8      0x180 C:/devkitPro/libnx/lib\libnx.a(sm.o)
 .bss.g_smSrv   0x0000000000017768       0x10 C:/devkitPro/libnx/lib\libnx.a(sm.o)
 .bss.g_appletGuard
                0x0000000000017778        0x8 C:/devkitPro/libnx/lib\libnx.a(applet.o)
 .bss.g_appletInfoInitialized
                0x0000000000017780        0x1 C:/devkitPro/libnx/lib\libnx.a(applet.o)
 *fill*         0x0000000000017781        0x7 
 .bss.g_appletInfo
                0x0000000000017788       0x50 C:/devkitPro/libnx/lib\libnx.a(applet.o)
 .bss.g_appletCpuBoostMode
                0x00000000000177d8        0x4 C:/devkitPro/libnx/lib\libnx.a(applet.o)
 *fill*         0x00000000000177dc        0x4 
 .bss.g_appletLibraryAppletLaunchableEvent
                0x00000000000177e0        0xc C:/devkitPro/libnx/lib\libnx.a(applet.o)
 .bss.g_appletSuspendedTickInitialized
                0x00000000000177ec        0x1 C:/devkitPro/libnx/lib\libnx.a(applet.o)
 *fill*         0x00000000000177ed        0x3 
 .bss.g_appletSuspendedTick
                0x00000000000177f0        0x8 C:/devkitPro/libnx/lib\libnx.a(applet.o)
 .bss.g_appletInitTickBase
                0x00000000000177f8        0x8 C:/devkitPro/libnx/lib\libnx.a(applet.o)
 .bss.g_appletSuspendedTickEvent
                0x0000000000017800        0xc C:/devkitPro/libnx/lib\libnx.a(applet.o)
 .bss.g_appletCopyrightInitialized
                0x000000000001780c        0x1 C:/devkitPro/libnx/lib\libnx.a(applet.o)
 *fill*         0x000000000001780d        0x3 
 .bss.g_appletCopyrightTmem
                0x0000000000017810       0x28 C:/devkitPro/libnx/lib\libnx.a(applet.o)
 .bss.g_appletRecordingInitialized
                0x0000000000017838        0x4 C:/devkitPro/libnx/lib\libnx.a(applet.o)
 *fill*         0x000000000001783c        0x4 
 .bss.g_appletRecordingTmem
                0x0000000000017840       0x28 C:/devkitPro/libnx/lib\libnx.a(applet.o)
 .bss.g_appletNotifiedRunning
                0x0000000000017868        0x1 C:/devkitPro/libnx/lib\libnx.a(applet.o)
 .bss.g_appletFocusState
                0x0000000000017869        0x1 C:/devkitPro/libnx/lib\libnx.a(applet.o)
 *fill*         0x000000000001786a        0x2 
 .bss.g_appletPerformanceMode
                0x000000000001786c        0x4 C:/devkitPro/libnx/lib\libnx.a(applet.o)
 .bss.g_appletOperationMode
                0x0000000000017870        0x1 C:/devkitPro/libnx/lib\libnx.a(applet.o)
 *fill*         0x0000000000017871        0x7 
 .bss.g_appletResourceUserId
                0x0000000000017878        0x8 C:/devkitPro/libnx/lib\libnx.a(applet.o)
 .bss.g_appletMessageEvent
                0x0000000000017880        0xc C:/devkitPro/libnx/lib\libnx.a(applet.o)
 *fill*         0x000000000001788c        0x4 
 .bss.g_appletIDebugFunctions
                0x0000000000017890       0x10 C:/devkitPro/libnx/lib\libnx.a(applet.o)
 .bss.g_appletIDisplayController
                0x00000000000178a0       0x10 C:/devkitPro/libnx/lib\libnx.a(applet.o)
 .bss.g_appletIAudioController
                0x00000000000178b0       0x10 C:/devkitPro/libnx/lib\libnx.a(applet.o)
 .bss.g_appletIWindowController
                0x00000000000178c0       0x10 C:/devkitPro/libnx/lib\libnx.a(applet.o)
 .bss.g_appletISelfController
                0x00000000000178d0       0x10 C:/devkitPro/libnx/lib\libnx.a(applet.o)
 .bss.g_appletICommonStateGetter
                0x00000000000178e0       0x10 C:/devkitPro/libnx/lib\libnx.a(applet.o)
 .bss.g_appletILibraryAppletCreator
                0x00000000000178f0       0x10 C:/devkitPro/libnx/lib\libnx.a(applet.o)
 .bss.g_appletIProcessWindingController
                0x0000000000017900       0x10 C:/devkitPro/libnx/lib\libnx.a(applet.o)
 .bss.g_appletILibraryAppletSelfAccessor
                0x0000000000017910       0x10 C:/devkitPro/libnx/lib\libnx.a(applet.o)
 .bss.g_appletIApplicationCreator
                0x0000000000017920       0x10 C:/devkitPro/libnx/lib\libnx.a(applet.o)
 .bss.g_appletIGlobalStateController
                0x0000000000017930       0x10 C:/devkitPro/libnx/lib\libnx.a(applet.o)
 .bss.g_appletIFunctions
                0x0000000000017940       0x10 C:/devkitPro/libnx/lib\libnx.a(applet.o)
 .bss.g_appletIAppletCommonFunctions
                0x0000000000017950       0x10 C:/devkitPro/libnx/lib\libnx.a(applet.o)
 .bss.g_appletExitProcessResult
                0x0000000000017960        0x4 C:/devkitPro/libnx/lib\libnx.a(applet.o)
 .bss.g_appletExitProcessFlag
                0x0000000000017964        0x1 C:/devkitPro/libnx/lib\libnx.a(applet.o)
 .bss.g_appletLeftInitialized
                0x0000000000017965        0x1 C:/devkitPro/libnx/lib\libnx.a(applet.o)
 *fill*         0x0000000000017966        0x2 
 .bss.g_appletProxySession
                0x0000000000017968       0x10 C:/devkitPro/libnx/lib\libnx.a(applet.o)
 .bss.g_appletSrv
                0x0000000000017978       0x10 C:/devkitPro/libnx/lib\libnx.a(applet.o)
 .bss.__nx_applet_exit_mode
                0x0000000000017988        0x4 C:/devkitPro/libnx/lib\libnx.a(applet.o)
                0x0000000000017988                __nx_applet_exit_mode
 *fill*         0x000000000001798c        0x4 
 .bss.__nx_applet_PerformanceConfiguration
                0x0000000000017990        0x8 C:/devkitPro/libnx/lib\libnx.a(applet.o)
                0x0000000000017990                __nx_applet_PerformanceConfiguration
 .bss.__nx_applet_AppletAttribute
                0x0000000000017998       0x80 C:/devkitPro/libnx/lib\libnx.a(applet.o)
                0x0000000000017998                __nx_applet_AppletAttribute
 .bss.g_timeGuard
                0x0000000000017a18        0x8 C:/devkitPro/libnx/lib\libnx.a(time.o)
 .bss.g_timeSharedmem
                0x0000000000017a20       0x20 C:/devkitPro/libnx/lib\libnx.a(time.o)
 .bss.g_timeLocalSystemClock
                0x0000000000017a40       0x10 C:/devkitPro/libnx/lib\libnx.a(time.o)
 .bss.g_timeTimeZoneService
                0x0000000000017a50       0x10 C:/devkitPro/libnx/lib\libnx.a(time.o)
 .bss.g_timeSteadyClock
                0x0000000000017a60       0x10 C:/devkitPro/libnx/lib\libnx.a(time.o)
 .bss.g_timeNetworkSystemClock
                0x0000000000017a70       0x10 C:/devkitPro/libnx/lib\libnx.a(time.o)
 .bss.g_timeUserSystemClock
                0x0000000000017a80       0x10 C:/devkitPro/libnx/lib\libnx.a(time.o)
 .bss.g_timeSrv